lehieu@192 docker % ls -ll
total 0
drwxr-xr-x@ 3 lehieu  staff   96 Nov 12 14:05 LeTrungHoaHieu-TH1
drwxr-xr-x  3 lehieu  staff   96 Nov 12 14:11 LeTrungHoaHieu-TH2
drwxr-xr-x  3 lehieu  staff   96 Nov 12 14:13 LeTrungHoaHieu-TH3
drwxr-xr-x@ 3 lehieu  staff   96 Nov 12 15:32 LeTrungHoaHieu-TH4
drwxr-xr-x@ 9 lehieu  staff  288 Nov  8 18:07 goal
drwxr-xr-x@ 9 lehieu  staff  288 Nov  7 19:48 hello
drwxr-xr-x@ 8 lehieu  staff  256 Nov 12 14:18 node-app
drwxr-xr-x@ 4 lehieu  staff  128 Nov 12 14:25 python-app
drwxr-xr-x@ 4 lehieu  staff  128 Nov 14 19:34 random
lehieu@192 docker % cd goal
lehieu@192 goal % docker ps -a 
CONTAINER ID   IMAGE          COMMAND                  CREATED      STATUS                    PORTS     NAMES
9300c762b8ab   node-image     "docker-entrypoint.s…"   2 days ago   Exited (137) 2 days ago             node-app
bce3c8291397   python-image   "python bmi.py"          2 days ago   Exited (137) 2 days ago             python-app
lehieu@192 goal % docker images
REPOSITORY       TAG       IMAGE ID       CREATED         SIZE
nothisu/random   latest    62d181b98046   6 minutes ago   1.02GB
python-image     latest    eb9a71c457a7   2 days ago      1.02GB
node-image       latest    470e4f94a402   2 days ago      865MB
lehieu@192 goal % docker rmi $(docker images)
Untagged: nothisu/random:latest
Untagged: nothisu/random@sha256:f19e776779e5bbd8736137ed0c022940428b0e0482e85c03a3992f53f929094d
Deleted: sha256:62d181b98046f339082c5be2705efdace4fcda98ba6e2942a111b1afb03c1cab
Error response from daemon: invalid reference format: repository name (library/REPOSITORY) must be lowercase
Error response from daemon: invalid reference format: repository name (library/TAG) must be lowercase
Error response from daemon: invalid reference format: repository name (library/IMAGE) must be lowercase
Error response from daemon: invalid reference format: repository name (library/ID) must be lowercase
Error response from daemon: invalid reference format: repository name (library/CREATED) must be lowercase
Error response from daemon: invalid reference format: repository name (library/SIZE) must be lowercase
Error response from daemon: No such image: latest:latest
Error response from daemon: No such image: 62d181b98046:latest
Error response from daemon: No such image: 7:latest
Error response from daemon: No such image: minutes:latest
Error response from daemon: No such image: ago:latest
Error response from daemon: invalid reference format: repository name (library/1.02GB) must be lowercase
Error response from daemon: conflict: unable to remove repository reference "python-image" (must force) - container bce3c8291397 is using its referenced image eb9a71c457a7
Error response from daemon: No such image: latest:latest
Error response from daemon: conflict: unable to delete eb9a71c457a7 (must be forced) - image is being used by stopped container bce3c8291397
Error response from daemon: No such image: 2:latest
Error response from daemon: No such image: days:latest
Error response from daemon: No such image: ago:latest
Error response from daemon: invalid reference format: repository name (library/1.02GB) must be lowercase
Error response from daemon: conflict: unable to remove repository reference "node-image" (must force) - container 9300c762b8ab is using its referenced image 470e4f94a402
Error response from daemon: No such image: latest:latest
Error response from daemon: conflict: unable to delete 470e4f94a402 (must be forced) - image is being used by stopped container 9300c762b8ab
Error response from daemon: No such image: 2:latest
Error response from daemon: No such image: days:latest
Error response from daemon: No such image: ago:latest
Error response from daemon: invalid reference format: repository name (library/865MB) must be lowercase
lehieu@192 goal % docker images
REPOSITORY     TAG       IMAGE ID       CREATED      SIZE
python-image   latest    eb9a71c457a7   2 days ago   1.02GB
node-image     latest    470e4f94a402   2 days ago   865MB
lehieu@192 goal % docker rmi $(docker images -a)
Error response from daemon: invalid reference format: repository name (library/REPOSITORY) must be lowercase
Error response from daemon: invalid reference format: repository name (library/TAG) must be lowercase
Error response from daemon: invalid reference format: repository name (library/IMAGE) must be lowercase
Error response from daemon: invalid reference format: repository name (library/ID) must be lowercase
Error response from daemon: invalid reference format: repository name (library/CREATED) must be lowercase
Error response from daemon: invalid reference format: repository name (library/SIZE) must be lowercase
Error response from daemon: conflict: unable to remove repository reference "python-image" (must force) - container bce3c8291397 is using its referenced image eb9a71c457a7
Error response from daemon: No such image: latest:latest
Error response from daemon: conflict: unable to delete eb9a71c457a7 (must be forced) - image is being used by stopped container bce3c8291397
Error response from daemon: No such image: 2:latest
Error response from daemon: No such image: days:latest
Error response from daemon: No such image: ago:latest
Error response from daemon: invalid reference format: repository name (library/1.02GB) must be lowercase
Error response from daemon: conflict: unable to remove repository reference "node-image" (must force) - container 9300c762b8ab is using its referenced image 470e4f94a402
Error response from daemon: No such image: latest:latest
Error response from daemon: conflict: unable to delete 470e4f94a402 (must be forced) - image is being used by stopped container 9300c762b8ab
Error response from daemon: No such image: 2:latest
Error response from daemon: No such image: days:latest
Error response from daemon: No such image: ago:latest
Error response from daemon: invalid reference format: repository name (library/865MB) must be lowercase
lehieu@192 goal % docker images 
REPOSITORY     TAG       IMAGE ID       CREATED      SIZE
python-image   latest    eb9a71c457a7   2 days ago   1.02GB
node-image     latest    470e4f94a402   2 days ago   865MB
lehieu@192 goal % docker rmi python-image
Error response from daemon: conflict: unable to remove repository reference "python-image" (must force) - container bce3c8291397 is using its referenced image eb9a71c457a7
lehieu@192 goal % docker rmi -f $(docker images -a)
Untagged: python-image:latest
Deleted: sha256:eb9a71c457a7b8dc58bfca06a7954830bf1c11c76c3231fbb746700a26609b60
Untagged: node-image:latest
Deleted: sha256:470e4f94a4027afe5061eaf57772caeea6054da26205227945edf79dbbca80f7
Error response from daemon: invalid reference format: repository name (library/REPOSITORY) must be lowercase
Error response from daemon: invalid reference format: repository name (library/TAG) must be lowercase
Error response from daemon: invalid reference format: repository name (library/IMAGE) must be lowercase
Error response from daemon: invalid reference format: repository name (library/ID) must be lowercase
Error response from daemon: invalid reference format: repository name (library/CREATED) must be lowercase
Error response from daemon: invalid reference format: repository name (library/SIZE) must be lowercase
Error response from daemon: No such image: latest:latest
Error response from daemon: No such image: eb9a71c457a7:latest
Error response from daemon: No such image: 2:latest
Error response from daemon: No such image: days:latest
Error response from daemon: No such image: ago:latest
Error response from daemon: invalid reference format: repository name (library/1.02GB) must be lowercase
Error response from daemon: No such image: latest:latest
Error response from daemon: No such image: 470e4f94a402:latest
Error response from daemon: No such image: 2:latest
Error response from daemon: No such image: days:latest
Error response from daemon: No such image: ago:latest
Error response from daemon: invalid reference format: repository name (library/865MB) must be lowercase
lehieu@192 goal % docker images                    
REPOSITORY   TAG       IMAGE ID   CREATED   SIZE
lehieu@192 goal % docker ps -a 
CONTAINER ID   IMAGE          COMMAND                  CREATED      STATUS                    PORTS     NAMES
9300c762b8ab   470e4f94a402   "docker-entrypoint.s…"   2 days ago   Exited (137) 2 days ago             node-app
bce3c8291397   eb9a71c457a7   "python bmi.py"          2 days ago   Exited (137) 2 days ago             python-app
lehieu@192 goal % docker rm $(docker ps -a)
9300c762b8ab
python-app
Error response from daemon: No such container: CONTAINER
Error response from daemon: No such container: ID
Error response from daemon: No such container: IMAGE
Error response from daemon: No such container: COMMAND
Error response from daemon: No such container: CREATED
Error response from daemon: No such container: STATUS
Error response from daemon: No such container: PORTS
Error response from daemon: No such container: NAMES
Error response from daemon: No such container: 470e4f94a402
Error response from daemon: No such container: "docker-entrypoint.s…"
Error response from daemon: No such container: 2
Error response from daemon: No such container: days
Error response from daemon: No such container: ago
Error response from daemon: No such container: Exited
Error response from daemon: No such container: (137)
Error response from daemon: No such container: 2
Error response from daemon: No such container: days
Error response from daemon: No such container: ago
Error response from daemon: removal of container node-app is already in progress
Error response from daemon: removal of container bce3c8291397 is already in progress
Error response from daemon: No such container: eb9a71c457a7
Error response from daemon: No such container: "python
Error response from daemon: No such container: bmi.py"
Error response from daemon: No such container: 2
Error response from daemon: No such container: days
Error response from daemon: No such container: ago
Error response from daemon: No such container: Exited
Error response from daemon: No such container: (137)
Error response from daemon: No such container: 2
Error response from daemon: No such container: days
Error response from daemon: No such container: ago
lehieu@192 goal % docker ps -a             
CONTAINER ID   IMAGE     COMMAND   CREATED   STATUS    PORTS     NAMES
lehieu@192 goal % docker build -t goal-image .
[+] Building 2.6s (10/10) FINISHED                                        docker:desktop-linux
 => [internal] load build definition from dockerfile                                      0.0s
 => => transferring dockerfile: 192B                                                      0.0s
 => [internal] load metadata for docker.io/library/node:12                                2.4s
 => [internal] load .dockerignore                                                         0.0s
 => => transferring context: 2B                                                           0.0s
 => [1/5] FROM docker.io/library/node:12@sha256:01627afeb110b3054ba4a1405541ca095c8bfca1  0.0s
 => [internal] load build context                                                         0.0s
 => => transferring context: 84.38kB                                                      0.0s
 => CACHED [2/5] WORKDIR /app                                                             0.0s
 => CACHED [3/5] COPY package.json /app                                                   0.0s
 => CACHED [4/5] RUN npm install                                                          0.0s
 => [5/5] COPY . /app                                                                     0.1s
 => exporting to image                                                                    0.0s
 => => exporting layers                                                                   0.0s
 => => writing image sha256:3a062a2ebc69c4a04f89b917a0bba8c4b78360db0c43c28c7c016a7a5f47  0.0s
 => => naming to docker.io/library/goal-image                                             0.0s

View build details: docker-desktop://dashboard/build/desktop-linux/desktop-linux/8win7340g93e1uctjhfzb9e0b

What's next:
    View a summary of image vulnerabilities and recommendations → docker scout quickview 
lehieu@192 goal % docker run -d -p 3000:3000 --name goal-app goal-image
39f26a2f884062c67215e404cdad0c258eb67f33cf763296a54214727a23c534
lehieu@192 goal % docker ps -a 
CONTAINER ID   IMAGE        COMMAND                  CREATED          STATUS          PORTS                            NAMES
39f26a2f8840   goal-image   "docker-entrypoint.s…"   14 seconds ago   Up 14 seconds   80/tcp, 0.0.0.0:3000->3000/tcp   goal-app
lehieu@192 goal % docker stop goal-app
goal-app
lehieu@192 goal % node server.js 
^C
lehieu@192 goal % docker ps -a 
CONTAINER ID   IMAGE        COMMAND                  CREATED         STATUS                        PORTS     NAMES
39f26a2f8840   goal-image   "docker-entrypoint.s…"   2 minutes ago   Exited (137) 39 seconds ago             goal-app
lehieu@192 goal % docker rm goal-app
goal-app
lehieu@192 goal % docker run -d -p 80:80 --name goal-app goal-image
06ff4f1aafa07189d2e329902f408eb18c3a295dee3b1238087e75fba6121eed
lehieu@192 goal % docker logs goal-app
lehieu@192 goal % docker logs goal-app
lehieu@192 goal % docker ps -a 
CONTAINER ID   IMAGE        COMMAND                  CREATED          STATUS          PORTS                NAMES
06ff4f1aafa0   goal-image   "docker-entrypoint.s…"   50 seconds ago   Up 49 seconds   0.0.0.0:80->80/tcp   goal-app
lehieu@192 goal % docker ps 
CONTAINER ID   IMAGE        COMMAND                  CREATED          STATUS          PORTS                NAMES
06ff4f1aafa0   goal-image   "docker-entrypoint.s…"   52 seconds ago   Up 51 seconds   0.0.0.0:80->80/tcp   goal-app
lehieu@192 goal % docker stop goal-app
goal-app
lehieu@192 goal % docker rm goal-app
goal-app
lehieu@192 goal % docker rmi goal-image
Untagged: goal-image:latest
Deleted: sha256:3a062a2ebc69c4a04f89b917a0bba8c4b78360db0c43c28c7c016a7a5f47611c
lehieu@192 goal % docker build -t goal-image .
[+] Building 2.1s (10/10) FINISHED                                                                                   docker:desktop-linux
 => [internal] load build definition from dockerfile                                                                                 0.0s
 => => transferring dockerfile: 192B                                                                                                 0.0s
 => [internal] load metadata for docker.io/library/node:12                                                                           2.0s
 => [internal] load .dockerignore                                                                                                    0.0s
 => => transferring context: 2B                                                                                                      0.0s
 => [1/5] FROM docker.io/library/node:12@sha256:01627afeb110b3054ba4a1405541ca095c8bfca1cb6f2be9479c767a2711879e                     0.0s
 => [internal] load build context                                                                                                    0.0s
 => => transferring context: 73.46kB                                                                                                 0.0s
 => CACHED [2/5] WORKDIR /app                                                                                                        0.0s
 => CACHED [3/5] COPY package.json /app                                                                                              0.0s
 => CACHED [4/5] RUN npm install                                                                                                     0.0s
 => CACHED [5/5] COPY . /app                                                                                                         0.0s
 => exporting to image                                                                                                               0.0s
 => => exporting layers                                                                                                              0.0s
 => => writing image sha256:3a062a2ebc69c4a04f89b917a0bba8c4b78360db0c43c28c7c016a7a5f47611c                                         0.0s
 => => naming to docker.io/library/goal-image                                                                                        0.0s

View build details: docker-desktop://dashboard/build/desktop-linux/desktop-linux/xa3cc30gfniblea0p7scvxewp

What's next:
    View a summary of image vulnerabilities and recommendations → docker scout quickview 
lehieu@192 goal % docker images 
REPOSITORY   TAG       IMAGE ID       CREATED         SIZE
goal-image   latest    3a062a2ebc69   6 minutes ago   872MB
lehieu@192 goal % docker run -d -p 80:80 --name goal-app goal-image
7187e08ac69d5df9175d10531e7c9f1cc8fb9dec50a5ecbc55bb769d1da43779
lehieu@192 goal % docker stop goal-app
goal-app
lehieu@192 goal % docker rm goal-app
goal-app
lehieu@192 goal % docker rmi goal-image
Untagged: goal-image:latest
Deleted: sha256:3a062a2ebc69c4a04f89b917a0bba8c4b78360db0c43c28c7c016a7a5f47611c
lehieu@192 goal % node server.js 
^C
lehieu@192 goal % docker build -t goal-image .              
[+] Building 1.3s (10/10) FINISHED                                                                                   docker:desktop-linux
 => [internal] load build definition from dockerfile                                                                                 0.0s
 => => transferring dockerfile: 192B                                                                                                 0.0s
 => [internal] load metadata for docker.io/library/node:12                                                                           1.1s
 => [internal] load .dockerignore                                                                                                    0.0s
 => => transferring context: 2B                                                                                                      0.0s
 => [1/5] FROM docker.io/library/node:12@sha256:01627afeb110b3054ba4a1405541ca095c8bfca1cb6f2be9479c767a2711879e                     0.0s
 => [internal] load build context                                                                                                    0.0s
 => => transferring context: 78.23kB                                                                                                 0.0s
 => CACHED [2/5] WORKDIR /app                                                                                                        0.0s
 => CACHED [3/5] COPY package.json /app                                                                                              0.0s
 => CACHED [4/5] RUN npm install                                                                                                     0.0s
 => [5/5] COPY . /app                                                                                                                0.0s
 => exporting to image                                                                                                               0.0s
 => => exporting layers                                                                                                              0.0s
 => => writing image sha256:993291ec6fc8b9cdd01b1d9d2b60326663949e1accb6886d350043aee9ffad88                                         0.0s
 => => naming to docker.io/library/goal-image                                                                                        0.0s

View build details: docker-desktop://dashboard/build/desktop-linux/desktop-linux/h1f7u5kqosh9qtldeo1zqoton

What's next:
    View a summary of image vulnerabilities and recommendations → docker scout quickview 
lehieu@192 goal % docker run -d -p 80:80 --name goal-app goal-image
5b4c0ccea4dd73225a6f4a13c5787ef28e32cd7e1719932f0cae728c4483e286
lehieu@192 goal % docker logs 
"docker logs" requires exactly 1 argument.
See 'docker logs --help'.

Usage:  docker logs [OPTIONS] CONTAINER

Fetch the logs of a container
lehieu@192 goal % docker logs goal-app
lehieu@192 goal % docker logs goal-app
lehieu@192 goal % docker stop goal-app
goal-app
lehieu@192 goal % docker rm goal-app                               
goal-app
lehieu@192 goal % docker run -p 80:80 --name goal-app goal-image 
lehieu@192 goal % 
lehieu@192 docker % cd goal
lehieu@192 goal % docker logs goal-app
lehieu@192 goal % docker ps   
CONTAINER ID   IMAGE        COMMAND                  CREATED          STATUS          PORTS                NAMES
d7ec0a1a2a5e   goal-image   "docker-entrypoint.s…"   35 seconds ago   Up 35 seconds   0.0.0.0:80->80/tcp   goal-app
lehieu@192 goal % docker images
REPOSITORY   TAG       IMAGE ID       CREATED         SIZE
goal-image   latest    993291ec6fc8   2 minutes ago   872MB
lehieu@192 goal % docker logs goal-app --help

Usage:  docker logs [OPTIONS] CONTAINER

Fetch the logs of a container

Aliases:
  docker container logs, docker logs

Options:
      --details        Show extra details provided to logs
  -f, --follow         Follow log output
      --since string   Show logs since timestamp (e.g. "2013-01-02T13:23:37Z") or relative (e.g. "42m" for 42 minutes)
  -n, --tail string    Number of lines to show from the end of the logs (default "all")
  -t, --timestamps     Show timestamps
      --until string   Show logs before a timestamp (e.g. "2013-01-02T13:23:37Z") or relative (e.g. "42m" for 42 minutes)
lehieu@192 goal % docker stop goal-app
goal-app
lehieu@192 goal % docker tag goal-image:latest nothisu/goal:latest
lehieu@192 goal % docker images
REPOSITORY     TAG       IMAGE ID       CREATED         SIZE
goal-image     latest    993291ec6fc8   3 minutes ago   872MB
nothisu/goal   latest    993291ec6fc8   3 minutes ago   872MB
lehieu@192 goal % docker login

USING WEB-BASED LOGIN
To sign in with credentials on the command line, use 'docker login -u <username>'

Your one-time device confirmation code is: LCHR-VKKL
Press ENTER to open your browser or submit your device code here: https://login.docker.com/activate

Waiting for authentication in the browser…
Login Succeeded
lehieu@192 goal % docker push nothisu/goal:latest
The push refers to repository [docker.io/nothisu/goal]
4afbf1abee96: Pushed 
4d9412660fa0: Pushed 
38058c4c5088: Pushed 
9b9feed43b24: Pushed 
e30d0738b075: Mounted from library/node 
255bf83a5bbd: Mounted from library/node 
bb080122b2fc: Mounted from library/node 
b2bffcf4be5f: Mounted from library/node 
b95747d89040: Mounted from library/node 
7a5ddcc261ad: Mounted from library/node 
35e626ec2072: Mounted from library/node 
abe5ee099fc9: Mounted from library/node 
d5bb7390153e: Mounted from library/node 
latest: digest: sha256:2114d063c574b56d05938f86cb8a4c7ba0262e14400161eef185cb345914ec06 size: 3049
lehieu@192 goal % docker logout 
Removing login credentials for https://index.docker.io/v1/
lehieu@192 goal % docker images         
REPOSITORY     TAG       IMAGE ID       CREATED         SIZE
nothisu/goal   latest    993291ec6fc8   6 minutes ago   872MB
goal-image     latest    993291ec6fc8   6 minutes ago   872MB
lehieu@192 goal % docker image prune -a 
WARNING! This will remove all images without at least one container associated to them.
Are you sure you want to continue? [y/N] y
Deleted Images:
untagged: goal-image:latest

Total reclaimed space: 0B
lehieu@192 goal % docker images         
REPOSITORY     TAG       IMAGE ID       CREATED         SIZE
nothisu/goal   latest    993291ec6fc8   6 minutes ago   872MB
lehieu@192 goal % docker rmi nothisu/goal
Error response from daemon: conflict: unable to remove repository reference "nothisu/goal" (must force) - container d7ec0a1a2a5e is using its referenced image 993291ec6fc8
lehieu@192 goal % docker images -a 
REPOSITORY     TAG       IMAGE ID       CREATED         SIZE
nothisu/goal   latest    993291ec6fc8   7 minutes ago   872MB
lehieu@192 goal % docker rmi -f nothisu/goal
Untagged: nothisu/goal:latest
Untagged: nothisu/goal@sha256:2114d063c574b56d05938f86cb8a4c7ba0262e14400161eef185cb345914ec06
Deleted: sha256:993291ec6fc8b9cdd01b1d9d2b60326663949e1accb6886d350043aee9ffad88
lehieu@192 goal % docker images -a          
REPOSITORY   TAG       IMAGE ID   CREATED   SIZE
lehieu@192 goal % docker pull nothisu/goal:latest
latest: Pulling from nothisu/goal
a41fbedfa4b1: Already exists 
6a94d3b1a91a: Already exists 
dad88c3c2eed: Already exists 
67f90700f585: Already exists 
48979b276d7f: Already exists 
9520e1bb28ad: Already exists 
b2423df69002: Already exists 
8a1e736bfbf6: Already exists 
5e56b5666dd9: Already exists 
a03587b02fe4: Already exists 
d1e6649ec80d: Already exists 
e15ea61ba798: Already exists 
0e393bb6d67e: Already exists 
Digest: sha256:2114d063c574b56d05938f86cb8a4c7ba0262e14400161eef185cb345914ec06
Status: Downloaded newer image for nothisu/goal:latest
docker.io/nothisu/goal:latest

What's next:
    View a summary of image vulnerabilities and recommendations → docker scout quickview nothisu/goal:latest
lehieu@192 goal % docker images
REPOSITORY     TAG       IMAGE ID       CREATED         SIZE
nothisu/goal   latest    993291ec6fc8   8 minutes ago   872MB
lehieu@192 goal % docker run --rm -d -p 80:80 goal-app nothisu/goal:latest
Unable to find image 'goal-app:latest' locally
docker: Error response from daemon: pull access denied for goal-app, repository does not exist or may require 'docker login': denied: requested access to the resource is denied.
See 'docker run --help'.
lehieu@192 goal % docker run --rm -d -p 80:80 --name goal-app nothisu/goal:latest
docker: Error response from daemon: Conflict. The container name "/goal-app" is already in use by container "d7ec0a1a2a5ee7f0558a3a4dd417c5d3c99965c685c840fce0eeec102bbcad69". You have to remove (or rename) that container to be able to reuse that name.
See 'docker run --help'.
lehieu@192 goal % docker ps -a 
CONTAINER ID   IMAGE          COMMAND                  CREATED         STATUS                       PORTS     NAMES
d7ec0a1a2a5e   993291ec6fc8   "docker-entrypoint.s…"   7 minutes ago   Exited (137) 6 minutes ago             goal-app
lehieu@192 goal % docker rm -f goal-app
goal-app
lehieu@192 goal % docker run --rm -d -p 80:80 --name goal-app nothisu/goal:latest
29041e40b1d63016a0c05c9545998623ac1b9ba84d69003f1e85e41826fdffd4
lehieu@192 goal % docker logs goal-app
lehieu@192 goal % docker logs --details goal-app
lehieu@192 goal % docker stop goal-app
goal-app
lehieu@192 goal % 
lehieu@192 docker % cd random
lehieu@192 random % docker build -t random-image
ERROR: "docker buildx build" requires exactly 1 argument.
See 'docker buildx build --help'.

Usage:  docker buildx build [OPTIONS] PATH | URL | -

Start a build
lehieu@192 random % docker build -t random-image .
[+] Building 17.2s (9/9) FINISHED                                                                                                                                                     docker:desktop-linux
 => [internal] load build definition from dockerfile                                                                                                                                                  0.0s
 => => transferring dockerfile: 140B                                                                                                                                                                  0.0s
 => [internal] load metadata for docker.io/library/python:latest                                                                                                                                      3.9s
 => [auth] library/python:pull token for registry-1.docker.io                                                                                                                                         0.0s
 => [internal] load .dockerignore                                                                                                                                                                     0.0s
 => => transferring context: 2B                                                                                                                                                                       0.0s
 => [1/3] FROM docker.io/library/python:latest@sha256:a6ed02f81e39e498b1d474f0722ff47b6ecaffa1b6432e66749aca14f80f3eb5                                                                               12.9s
 => => resolve docker.io/library/python:latest@sha256:a6ed02f81e39e498b1d474f0722ff47b6ecaffa1b6432e66749aca14f80f3eb5                                                                                0.0s
 => => sha256:a6ed02f81e39e498b1d474f0722ff47b6ecaffa1b6432e66749aca14f80f3eb5 9.72kB / 9.72kB                                                                                                        0.0s
 => => sha256:d63c40005214851e1d90c26c42e9c736b980516a0b88765caa8039e1378bada0 2.33kB / 2.33kB                                                                                                        0.0s
 => => sha256:1a3f1864ec54b1398987bbe673e93d8b09842ecd51e86ab87d64857b70d188b1 49.59MB / 49.59MB                                                                                                      1.7s
 => => sha256:62639b6c3f3e77ebbbf3f18802d08351636f8dd6e0a94d1b225e9f5dc1c88044 6.07kB / 6.07kB                                                                                                        0.0s
 => => sha256:464f864cfaa846fbe1b8a889827404e18374f805d29d77c288a813ae8c4f6d91 23.60MB / 23.60MB                                                                                                      2.2s
 => => sha256:8bc6ea9985d6735252067a2041e797c0dedef261a9695671fa4ef7891a96e4b5 64.35MB / 64.35MB                                                                                                      4.2s
 => => extracting sha256:1a3f1864ec54b1398987bbe673e93d8b09842ecd51e86ab87d64857b70d188b1                                                                                                             1.6s
 => => sha256:9cbd322119a1fd6eb9df75f74273f9136ccdf6317336352e605b41d5e5cf941f 202.68MB / 202.68MB                                                                                                    7.6s
 => => sha256:b12614aa3190271f1bfeda083dde37e14965c886413cb3879a08972a9b0d3964 6.24MB / 6.24MB                                                                                                        3.1s
 => => sha256:0c20aaaaf2cb8bb2588e7dcb7865ae55811ad8768cc1084994ae8e169ae877e6 26.38MB / 26.38MB                                                                                                      4.6s
 => => extracting sha256:464f864cfaa846fbe1b8a889827404e18374f805d29d77c288a813ae8c4f6d91                                                                                                             0.4s
 => => extracting sha256:8bc6ea9985d6735252067a2041e797c0dedef261a9695671fa4ef7891a96e4b5                                                                                                             1.9s
 => => sha256:e93c1a033bf9a65319f72b092edd67e323ebcf5bccaaf5202f996f130d697b29 250B / 250B                                                                                                            4.6s
 => => extracting sha256:9cbd322119a1fd6eb9df75f74273f9136ccdf6317336352e605b41d5e5cf941f                                                                                                             4.3s
 => => extracting sha256:b12614aa3190271f1bfeda083dde37e14965c886413cb3879a08972a9b0d3964                                                                                                             0.2s
 => => extracting sha256:0c20aaaaf2cb8bb2588e7dcb7865ae55811ad8768cc1084994ae8e169ae877e6                                                                                                             0.5s
 => => extracting sha256:e93c1a033bf9a65319f72b092edd67e323ebcf5bccaaf5202f996f130d697b29                                                                                                             0.0s
 => [internal] load build context                                                                                                                                                                     0.0s
 => => transferring context: 504B                                                                                                                                                                     0.0s
 => [2/3] WORKDIR /app                                                                                                                                                                                0.4s
 => [3/3] COPY . /app                                                                                                                                                                                 0.0s
 => exporting to image                                                                                                                                                                                0.0s
 => => exporting layers                                                                                                                                                                               0.0s
 => => writing image sha256:62d181b98046f339082c5be2705efdace4fcda98ba6e2942a111b1afb03c1cab                                                                                                          0.0s
 => => naming to docker.io/library/random-image                                                                                                                                                       0.0s

View build details: docker-desktop://dashboard/build/desktop-linux/desktop-linux/qelr3vwflsb8p8svivy3zdy06

What's next:
    View a summary of image vulnerabilities and recommendations → docker scout quickview 
lehieu@192 random % docker images
REPOSITORY                              TAG                IMAGE ID       CREATED          SIZE
random-image                            latest             62d181b98046   32 seconds ago   1.02GB
python-image                            latest             eb9a71c457a7   2 days ago       1.02GB
node-image                              latest             470e4f94a402   2 days ago       865MB
public.ecr.aws/supabase/studio          20241106-f29003e   7e36aff11700   7 days ago       692MB
public.ecr.aws/supabase/edge-runtime    v1.61.0            a5ce91947797   9 days ago       631MB
public.ecr.aws/supabase/gotrue          v2.163.2           861c8b9e6fc2   3 weeks ago      45.5MB
public.ecr.aws/supabase/postgres-meta   v0.84.2            b8655f4b182c   3 weeks ago      352MB
public.ecr.aws/supabase/storage-api     v1.11.13           8a1af72634a9   5 weeks ago      478MB
public.ecr.aws/supabase/realtime        v2.30.34           2b0b74db6d56   2 months ago     206MB
public.ecr.aws/supabase/postgres        15.1.1.78          cc555cbbe281   4 months ago     1.17GB
public.ecr.aws/supabase/postgrest       v12.2.0            7bb9e110af3f   5 months ago     322MB
public.ecr.aws/supabase/kong            2.8.1              a5957d67fc55   2 years ago      149MB
public.ecr.aws/supabase/imgproxy        v3.8.0             696a5c233e29   2 years ago      162MB
public.ecr.aws/supabase/inbucket        3.0.3              e50d7c2197ff   2 years ago      25.1MB
lehieu@192 random % docker ps -a 
CONTAINER ID   IMAGE          COMMAND                  CREATED      STATUS                    PORTS     NAMES
9300c762b8ab   node-image     "docker-entrypoint.s…"   2 days ago   Exited (137) 2 days ago             node-app
bce3c8291397   python-image   "python bmi.py"          2 days ago   Exited (137) 2 days ago             python-app
lehieu@192 random % docker run --name random-app -it random-image
Please enter the min number: 10
Please enter the max number: 100
74
lehieu@192 random % docker logs random-app
Please enter the min number: 10
Please enter the max number: 100
74
lehieu@192 random % docker tag random-image:latest nothisu/random:latest
lehieu@192 random % docker images
REPOSITORY                              TAG                IMAGE ID       CREATED         SIZE
random-image                            latest             62d181b98046   2 minutes ago   1.02GB
nothisu/random                          latest             62d181b98046   2 minutes ago   1.02GB
python-image                            latest             eb9a71c457a7   2 days ago      1.02GB
node-image                              latest             470e4f94a402   2 days ago      865MB
public.ecr.aws/supabase/studio          20241106-f29003e   7e36aff11700   7 days ago      692MB
public.ecr.aws/supabase/edge-runtime    v1.61.0            a5ce91947797   9 days ago      631MB
public.ecr.aws/supabase/gotrue          v2.163.2           861c8b9e6fc2   3 weeks ago     45.5MB
public.ecr.aws/supabase/postgres-meta   v0.84.2            b8655f4b182c   3 weeks ago     352MB
public.ecr.aws/supabase/storage-api     v1.11.13           8a1af72634a9   5 weeks ago     478MB
public.ecr.aws/supabase/realtime        v2.30.34           2b0b74db6d56   2 months ago    206MB
public.ecr.aws/supabase/postgres        15.1.1.78          cc555cbbe281   4 months ago    1.17GB
public.ecr.aws/supabase/postgrest       v12.2.0            7bb9e110af3f   5 months ago    322MB
public.ecr.aws/supabase/kong            2.8.1              a5957d67fc55   2 years ago     149MB
public.ecr.aws/supabase/imgproxy        v3.8.0             696a5c233e29   2 years ago     162MB
public.ecr.aws/supabase/inbucket        3.0.3              e50d7c2197ff   2 years ago     25.1MB
lehieu@192 random % docker login
Authenticating with existing credentials...
Login Succeeded
lehieu@192 random % docker push nothisu/random:latest
The push refers to repository [docker.io/nothisu/random]
4cfd81cba237: Pushed 
6d1236d59293: Pushed 
b278723e0749: Mounted from library/python 
4ade4ae90c9b: Mounted from library/python 
9e6784c1922e: Mounted from library/python 
c5d4093056ba: Mounted from library/python 
29842e18ccdd: Mounted from library/python 
de0d18f93508: Mounted from library/python 
ec8ae7dad7ab: Mounted from library/python 
latest: digest: sha256:f19e776779e5bbd8736137ed0c022940428b0e0482e85c03a3992f53f929094d size: 2209
lehieu@192 random % docker logout 
Removing login credentials for https://index.docker.io/v1/
lehieu@192 random % docker images prune -a 
REPOSITORY   TAG       IMAGE ID   CREATED   SIZE

No images found matching "prune": did you mean "docker image prune"?
lehieu@192 random % docker image prune -a 
WARNING! This will remove all images without at least one container associated to them.
Are you sure you want to continue? [y/N] y
Deleted Images:
untagged: public.ecr.aws/supabase/inbucket:3.0.3
untagged: public.ecr.aws/supabase/inbucket@sha256:dc912ab76de647ca2a363fe285515e512e964cf699166773f3c2c73f5e7f71c0
deleted: sha256:e50d7c2197ff536d529815cbc742ee4d891b7d85de8c3a04f4e9b073d9259b09
deleted: sha256:fb8c00d863035646633903593c5036560d96fa3b6bdc699ed85c188dd2d16b9e
deleted: sha256:ba381ad90461275c606ae34422c71ca4dbad062043a403241d8bc4148109ccc3
deleted: sha256:f20a94955f304f909fab6697ccf93141f2feeabf0a7056eeab16ef0e0268b095
deleted: sha256:b327552be35d8e80a7e8560868631c3c863522d9efaaba88314d8507c69a338b
deleted: sha256:8154221dc1079a1aeac84240aa3bf990a3beb5cea4f6505702e1e79138c814c1
deleted: sha256:2188e229d24168a19467ad070557026defff95677e161ef3b96dd1a09c17b78d
deleted: sha256:8e2df713f3de5130fc99a08d2e1b2103c8bd10b653954ecfb3ebcf928c4bd31a
deleted: sha256:5b7df235d876e8cd4a2a329ae786db3fb152eff939f88379c49bcaaabbafbd9c
untagged: public.ecr.aws/supabase/postgres-meta:v0.84.2
untagged: public.ecr.aws/supabase/postgres-meta@sha256:d0a96973e9f1b6303f7500421a459af3d7273b3f9f1db38610899f9f573da7c7
deleted: sha256:b8655f4b182ce413ff3462472f63994d573e8fcbd1270c650f4b24e91e5a83b7
deleted: sha256:e1de6237b354d1734d07c1eed7e244261062d907856299572fe27b5af0894b55
deleted: sha256:aaf92212a929ba04e4acdef88b822256384fc6c7572d35f97621d8e9cf30b80d
deleted: sha256:680034684ed93732e61cebb529004173901daa8a5ad14871441fa5ff2fca2f42
deleted: sha256:fa6dde92b4ee175d42b0c9f4bdbe35df81c990fae1260714111bd96420ea3cd7
deleted: sha256:3defb4b8cd1004d25420420d5c4e44df2dc188d0a7cc346a293704da5cfde137
untagged: public.ecr.aws/supabase/gotrue:v2.163.2
untagged: public.ecr.aws/supabase/gotrue@sha256:9b27ddb75b3b926af49e817d8268cc28ab78fc473fa3f8c348a4b33b8d90d54d
deleted: sha256:861c8b9e6fc2b3e5fbf78decfdf7c705dea7bb4985595a24ae19a0658b62f86e
deleted: sha256:e1d45397db97fedff11337ae21da862040ac3bd56b3d7494a32af11e5210963b
deleted: sha256:6bed95d552514a7e2faccc53216a22bd07e1b24e4bab815579f42e007696e9f0
deleted: sha256:74c33ec35d8def4a22961f9dfff159470f2f93fc3014d0cee279ef6ba21fb4d3
deleted: sha256:ab7cb2ebc5e05f4787bdb2aabb580d05c326fcdeac993eaacb31f4f0642beb17
deleted: sha256:108b943e9c1b3b5e777b0c622d6a29f9d28422c3cebb8ef966807a3fe223c106
untagged: public.ecr.aws/supabase/postgres:15.1.1.78
untagged: public.ecr.aws/supabase/postgres@sha256:881ac26a02870c6784d9fbec67a6a9c5026905216bbd7dfbfa289ecc48073387
deleted: sha256:cc555cbbe281c6e7ef014048f41f0fdaaf6553f9ef58d1a09d25542b7d7099f5
deleted: sha256:aa64c450604536eb074eb0af13a5715c434851b833d04451eaf7baeddd968877
deleted: sha256:22abb3bc0053407197904b7d024672ff01d6991edb2a920fecfe868e08deab1e
deleted: sha256:ed26f19005c53ac9c983181c53bab5eb797445dda44d16d4e040cd6f9a30d5a5
deleted: sha256:44d9765694e19df5b61a3f956be71f64b4c5d262dcfb06dd4ab970bb6cb6aba0
deleted: sha256:c66b5367ac83a4b37b5323810eda4ac3a03dff48567e44c888b45504b1668677
deleted: sha256:fd7265c383a0ac51a0b2dd45a74baff56340748b86e50400be5bce5417b6132e
deleted: sha256:59b6f2cefae947d899395d7d48b6f954b70e328bdd26f6142ca9829ddbabb7b1
deleted: sha256:86861196f642beadade11ff0c2844e956f75c365835e23633f1279ed9bcfa9b7
deleted: sha256:476a033e0560f293d1ac456b5b4a8ad06a5ae35e7013f0173e33f04b27badd11
deleted: sha256:e1752311d35bda3c4dcaa354b36b4832db6c365e5ce1b35e8890865e03ef4813
deleted: sha256:2a9e787a8361218c1fa934aa1d227a58d31a468eda60c6b35010af6c853375ed
deleted: sha256:7e352227ffc9a87aaf12d4954923bf1f2532be23e78882013917079620204682
deleted: sha256:fa96fa518270b4ed4f188b5fcec3bddb249b576ced75c6f62d235b4a01af1cc1
deleted: sha256:3316b249469e3917ceffcb04a15de518fcd5770a6529b5d8e87d0798a73d2c99
deleted: sha256:6c44c46a15f3a9891d9dec4d1f4c8e9a3978d3565b1d31ae6eab76137dba2dad
deleted: sha256:5e1aa8b58ed404c15f5c682d8d0033f99a0b239758879b9d1c9885663a8fc2cc
deleted: sha256:761d35dda6ced8479f06e6d30374c55061ebe030d608b0dd3064f7f801463a77
deleted: sha256:f3ce4ff8bbd359f25fcae56949aeb016f33142a956db525886e44089bda19390
deleted: sha256:6b017bdfad18822a9b8f7ea3b1675910a223aafd040340867d019b862b852426
deleted: sha256:a03720ed265f751e8b0b54cbd26275aa758d3ef86629eec6b555f8550857faf5
deleted: sha256:8267f12b3859e9ac5d44b6c2aa67acf429a3f289f4db33345033e3c80ec71a72
deleted: sha256:fe456c3705ede1a83c1824772b79634744e8a1298502cf3fe810172c734e8e43
deleted: sha256:75036070682c2512f4616d7c52ee2498e8400f03119ca3e926473de7afd9e27f
deleted: sha256:a8c68591d421fc2d4bdda704f67a796edf5ff880c59358d75107eb5261821650
untagged: public.ecr.aws/supabase/storage-api:v1.11.13
untagged: public.ecr.aws/supabase/storage-api@sha256:1e85dad48e8b3e85890a555e5114dc7ee48c2e8be4cfd97dd4e3564b4f104fcd
deleted: sha256:8a1af72634a9a9d9d368c70507815c5b6eda4a95f507c5ac99aa7f1211c2b9d6
deleted: sha256:ef2bbec23d011326d5d6581aa304ae30b5c1b9face79031277fd228ac7850af1
deleted: sha256:a202153d2e54bd681baeb140926e0ea077b70416ffe6008213379fac242cb5a5
deleted: sha256:9deadcb93d5ea67260f8fd989e4c0167598787dfaba6a18af6aba406776ad785
deleted: sha256:bca2a986f033160e41da7c30336fdad2cba985ef5ce95b84a24cd6ef68fce2dd
deleted: sha256:2df2003d399c5dce546d306d0ea53eb61b1a7f3a28213457d973be01da9c826d
deleted: sha256:a0617ac645110d048ff703e6f138d4c95132caf290f625b2a90f0b00d8713e84
deleted: sha256:73436f551e6dd48646e1e97c05a4784d44a4006120f656ed9b279b86770257ce
deleted: sha256:bb5e62a73d4534e402d0d40a310aa9463ee9ca3bc1d32174aef3986c877cb8df
deleted: sha256:ca90f1f834adae4603f7805631559b2b654c6eb68044464ac9a930f52b6c541a
deleted: sha256:16113d51b7181f20135f51e8ffbaead20a7671cd783017601f198748ce8a8ebf
untagged: public.ecr.aws/supabase/studio:20241106-f29003e
untagged: public.ecr.aws/supabase/studio@sha256:e5cf72d1ccd858ab0404e4b9381ea6decb1cb3d72dc5be496c6a73c157a042c7
deleted: sha256:7e36aff11700753362cc49ef38ab368370f419ec8405348f69509dc5cb85f84f
deleted: sha256:ba8a58ce6abfe97f455f0d875276a5b816a35637965806236500a8799b597983
deleted: sha256:41ef8fac9195407cbceca057b207fd95834106db202fdcc640529b13c9fc4fff
deleted: sha256:7cae5972c8547142a9262f1ba89359cce0aa1abb000310ac761ca5375543e3c1
deleted: sha256:c719c0fc2542779fce9a6379cafe03f6b69a333ed10e3f1c1969d49c076c7b80
deleted: sha256:b42954b7c8b2cba7570800941efd2f2351304394ce930b45312e45a2b5d7fed2
deleted: sha256:a63f91af056017554c62019d81a8d21921a53791f3db7ad1e0b43c6da24bec62
deleted: sha256:0a09d95ddf4fb566d0b76718b158d0eceb47948afd18cfdf89ba92f162b1f332
deleted: sha256:f437484083ce9eba0e000c10e0cd9a0ee52adc158c8c5c15afd26b35407ccb33
deleted: sha256:be41006b101c99f0b155bd5d1939956dd625f5c79a3306513570002455f291b2
untagged: random-image:latest
untagged: public.ecr.aws/supabase/imgproxy:v3.8.0
untagged: public.ecr.aws/supabase/imgproxy@sha256:0facd355d50f3be665ebe674486f2b2e9cdaebd3f74404acd9b7fece2f661435
deleted: sha256:696a5c233e29165b01ba3a93ae5eceb67be624d5deaa9ed259683beb94f55102
deleted: sha256:407577d084eebfd2f7603b15ac9d2e878ddf8cac33bf5cb07056d577e918b2b7
deleted: sha256:6aa114f583a9fc43f6a45a1d5acf7d5d6c5905f2128154f6177db78a12966e87
deleted: sha256:bdb0ff833d73f76fce8b58c7793365d4b9804f16cca95ab37abc4d25538e3b31
deleted: sha256:ff158763365ed54efa1c7c584cb59bfbdbdd7ef01ebb63f8cad9854c2b9ef887
deleted: sha256:a1c0d5cead8539f5efd87e0b00a8ca5f7541da10feea7778b3de7dea8a2b817a
deleted: sha256:c75eaa0eefd3c60b86bed7b8e234f032b2234382d113a6125c40c553146271fe
untagged: public.ecr.aws/supabase/kong:2.8.1
untagged: public.ecr.aws/supabase/kong@sha256:1b53405d8680a09d6f44494b7990bf7da2ea43f84a258c59717d4539abf09f6d
deleted: sha256:a5957d67fc55af3d11bdbd87de76f7480e3c4d8bcb715d6cfd01922780f46ea9
deleted: sha256:76be0defb992cc7bf80cfec25c6f4abd7f84d07f4f364cf84a99eacda3ea8848
deleted: sha256:8f10b5ff0a69ecff27cb4a9c2ef506255aa30accdfaf45121b75bd53f43ee21e
deleted: sha256:2c2ab91a0cb62e4fbedd3e226ecb774499e0f975f885cda4a2f28008c3b8e764
deleted: sha256:5d3e392a13a0fdfbf8806cb4a5e4b0a92b5021103a146249d8a2c999f06a9772
untagged: public.ecr.aws/supabase/edge-runtime:v1.61.0
untagged: public.ecr.aws/supabase/edge-runtime@sha256:809d51481499b233ec6be7f842a5f74bb0fa4a58cb894164cf4ff0af222a82ee
deleted: sha256:a5ce919477973ae8bae79ddfd49b3b5c174fe7c5e4cb773184cc8d8383040ac3
deleted: sha256:22b5347a78603a1a2ffab8c4a70ac456c559a2e1c66278b5922f28090dd2f2b7
deleted: sha256:0aa959370f977961cd9c5deda36af02665ef0d447c3baaa2997807b9e7b78c1a
deleted: sha256:6ed9a19b8ad52846884e62f5bbed5be65df7eb82dbc509db4959aecaf23e598a
deleted: sha256:c28d57c00b6158436abb9ee103643c3f666ea1d264adf6ff931a29bd23e22c23
deleted: sha256:44f92f2e26d516e365d597623a696e93dfac653312d0dc01f2617b27e51b4c19
deleted: sha256:9e40c379477f19e821a5fa3bc9bbcf8a60db108a14d1cd08cd637c3622ccfe6a
deleted: sha256:f0f039847c0897e41273775d599cc761049c809342ff8362efb4caf561186ada
untagged: public.ecr.aws/supabase/realtime:v2.30.34
untagged: public.ecr.aws/supabase/realtime@sha256:f43c080c74915340687727a34b21ae9cacc5ac21380d05b61efebeca6fd7ca4f
deleted: sha256:2b0b74db6d56339ca9e7a94fb1c73af390a1de618ee72c27e0d1c6c8187fff1f
deleted: sha256:708f2da0f0d9a2602d1cf39d66ce4d0e3feb24be969d2f48d514e76aab34a5c9
deleted: sha256:a61b509f6201e184627275a6832caecfdd5afaeba43e26425d7d788ebe730955
deleted: sha256:098e106ca347277ed0e882d8762b09eaf9d4337a2d755153e496fcf144b2847e
deleted: sha256:2ab0f0e51de088db779174a1d9ed47eb7115604f312441aa5f0d84e6a00aac18
deleted: sha256:69e603f9a58cc7430cbd9db9945d0bdc5fa2686f3eaee80758b076ecf7c71e27
deleted: sha256:0af638d67aa558f0960787b84deb05ff1e2c3a633e0cddd9043117f1d004527d
deleted: sha256:b533c686323117e5a75f370d85b180461d71810f15b8f4f391c4a0315ea4143b
deleted: sha256:2bd1a2222589b50b52ff960c3d004829633df61532e7a670a91618cd775f2d47
untagged: public.ecr.aws/supabase/postgrest:v12.2.0
untagged: public.ecr.aws/supabase/postgrest@sha256:2cf1efd2c9c2e7606610c113cc73e936d8ce9ba089271cb9cbf11aa564bc30c7
deleted: sha256:7bb9e110af3fc25f2ae40524478623f3fba73c68694365b9ece29e8a32c5af62
deleted: sha256:08f777d1b644a2e49015d3f797e84140f3b9ee20a1f57b0e237f6554d1e6046d
deleted: sha256:69b0afc713ccc816650c6540a6f4a311b521f2578dc6c8ee4ed4b7d9788ae1fd
deleted: sha256:03fdf04efd9e8117f277abeef88a9d51d45c154bfa042591f85656e8ffccc141

Total reclaimed space: 3.906GB
lehieu@192 random % docker images
REPOSITORY       TAG       IMAGE ID       CREATED         SIZE
nothisu/random   latest    62d181b98046   4 minutes ago   1.02GB
python-image     latest    eb9a71c457a7   2 days ago      1.02GB
node-image       latest    470e4f94a402   2 days ago      865MB
lehieu@192 random % docker pull nothisu/random:latest
latest: Pulling from nothisu/random
Digest: sha256:f19e776779e5bbd8736137ed0c022940428b0e0482e85c03a3992f53f929094d
Status: Image is up to date for nothisu/random:latest
docker.io/nothisu/random:latest

What's next:
    View a summary of image vulnerabilities and recommendations → docker scout quickview nothisu/random:latest
lehieu@192 random % docker run -it --rm --name random-app nothisu/random:latest
docker: Error response from daemon: Conflict. The container name "/random-app" is already in use by container "4029b262a5a8e7cfb913fb69ae7fcc19e4f4952fe880eadab7870f44c15475d1". You have to remove (or rename) that container to be able to reuse that name.
See 'docker run --help'.
lehieu@192 random % docker ps -a 
CONTAINER ID   IMAGE          COMMAND                  CREATED         STATUS                     PORTS     NAMES
4029b262a5a8   62d181b98046   "python rng.py"          4 minutes ago   Exited (0) 3 minutes ago             random-app
9300c762b8ab   node-image     "docker-entrypoint.s…"   2 days ago      Exited (137) 2 days ago              node-app
bce3c8291397   python-image   "python bmi.py"          2 days ago      Exited (137) 2 days ago              python-app
lehieu@192 random % docker rm random-app
random-app
lehieu@192 random % docker run -it --rm --name random-app nothisu/random:latest
Please enter the min number: 10
Please enter the max number: 89
62
lehieu@192 random %  
lehieu@192 docker % cd goal
lehieu@192 goal % docker logs goal-app
lehieu@192 goal % docker ps   
CONTAINER ID   IMAGE        COMMAND                  CREATED          STATUS          PORTS                NAMES
d7ec0a1a2a5e   goal-image   "docker-entrypoint.s…"   35 seconds ago   Up 35 seconds   0.0.0.0:80->80/tcp   goal-app
lehieu@192 goal % docker images
REPOSITORY   TAG       IMAGE ID       CREATED         SIZE
goal-image   latest    993291ec6fc8   2 minutes ago   872MB
lehieu@192 goal % docker logs goal-app --help

Usage:  docker logs [OPTIONS] CONTAINER

Fetch the logs of a container

Aliases:
  docker container logs, docker logs

Options:
      --details        Show extra details provided to logs
  -f, --follow         Follow log output
      --since string   Show logs since timestamp (e.g. "2013-01-02T13:23:37Z") or relative (e.g. "42m" for 42 minutes)
  -n, --tail string    Number of lines to show from the end of the logs (default "all")
  -t, --timestamps     Show timestamps
      --until string   Show logs before a timestamp (e.g. "2013-01-02T13:23:37Z") or relative (e.g. "42m" for 42 minutes)
lehieu@192 goal % docker stop goal-app
goal-app
lehieu@192 goal % docker tag goal-image:latest nothisu/goal:latest
lehieu@192 goal % docker images
REPOSITORY     TAG       IMAGE ID       CREATED         SIZE
goal-image     latest    993291ec6fc8   3 minutes ago   872MB
nothisu/goal   latest    993291ec6fc8   3 minutes ago   872MB
lehieu@192 goal % docker login

USING WEB-BASED LOGIN
To sign in with credentials on the command line, use 'docker login -u <username>'

Your one-time device confirmation code is: LCHR-VKKL
Press ENTER to open your browser or submit your device code here: https://login.docker.com/activate

Waiting for authentication in the browser…
Login Succeeded
lehieu@192 goal % docker push nothisu/goal:latest
The push refers to repository [docker.io/nothisu/goal]
4afbf1abee96: Pushed 
4d9412660fa0: Pushed 
38058c4c5088: Pushed 
9b9feed43b24: Pushed 
e30d0738b075: Mounted from library/node 
255bf83a5bbd: Mounted from library/node 
bb080122b2fc: Mounted from library/node 
b2bffcf4be5f: Mounted from library/node 
b95747d89040: Mounted from library/node 
7a5ddcc261ad: Mounted from library/node 
35e626ec2072: Mounted from library/node 
abe5ee099fc9: Mounted from library/node 
d5bb7390153e: Mounted from library/node 
latest: digest: sha256:2114d063c574b56d05938f86cb8a4c7ba0262e14400161eef185cb345914ec06 size: 3049
lehieu@192 goal % docker logout 
Removing login credentials for https://index.docker.io/v1/
lehieu@192 goal % docker images         
REPOSITORY     TAG       IMAGE ID       CREATED         SIZE
nothisu/goal   latest    993291ec6fc8   6 minutes ago   872MB
goal-image     latest    993291ec6fc8   6 minutes ago   872MB
lehieu@192 goal % docker image prune -a 
WARNING! This will remove all images without at least one container associated to them.
Are you sure you want to continue? [y/N] y
Deleted Images:
untagged: goal-image:latest

Total reclaimed space: 0B
lehieu@192 goal % docker images         
REPOSITORY     TAG       IMAGE ID       CREATED         SIZE
nothisu/goal   latest    993291ec6fc8   6 minutes ago   872MB
lehieu@192 goal % docker rmi nothisu/goal
Error response from daemon: conflict: unable to remove repository reference "nothisu/goal" (must force) - container d7ec0a1a2a5e is using its referenced image 993291ec6fc8
lehieu@192 goal % docker images -a 
REPOSITORY     TAG       IMAGE ID       CREATED         SIZE
nothisu/goal   latest    993291ec6fc8   7 minutes ago   872MB
lehieu@192 goal % docker rmi -f nothisu/goal
Untagged: nothisu/goal:latest
Untagged: nothisu/goal@sha256:2114d063c574b56d05938f86cb8a4c7ba0262e14400161eef185cb345914ec06
Deleted: sha256:993291ec6fc8b9cdd01b1d9d2b60326663949e1accb6886d350043aee9ffad88
lehieu@192 goal % docker images -a          
REPOSITORY   TAG       IMAGE ID   CREATED   SIZE
lehieu@192 goal % docker pull nothisu/goal:latest
latest: Pulling from nothisu/goal
a41fbedfa4b1: Already exists 
6a94d3b1a91a: Already exists 
dad88c3c2eed: Already exists 
67f90700f585: Already exists 
48979b276d7f: Already exists 
9520e1bb28ad: Already exists 
b2423df69002: Already exists 
8a1e736bfbf6: Already exists 
5e56b5666dd9: Already exists 
a03587b02fe4: Already exists 
d1e6649ec80d: Already exists 
e15ea61ba798: Already exists 
0e393bb6d67e: Already exists 
Digest: sha256:2114d063c574b56d05938f86cb8a4c7ba0262e14400161eef185cb345914ec06
Status: Downloaded newer image for nothisu/goal:latest
docker.io/nothisu/goal:latest

What's next:
    View a summary of image vulnerabilities and recommendations → docker scout quickview nothisu/goal:latest
lehieu@192 goal % docker images
REPOSITORY     TAG       IMAGE ID       CREATED         SIZE
nothisu/goal   latest    993291ec6fc8   8 minutes ago   872MB
lehieu@192 goal % docker run --rm -d -p 80:80 goal-app nothisu/goal:latest
Unable to find image 'goal-app:latest' locally
docker: Error response from daemon: pull access denied for goal-app, repository does not exist or may require 'docker login': denied: requested access to the resource is denied.
See 'docker run --help'.
lehieu@192 goal % docker run --rm -d -p 80:80 --name goal-app nothisu/goal:latest
docker: Error response from daemon: Conflict. The container name "/goal-app" is already in use by container "d7ec0a1a2a5ee7f0558a3a4dd417c5d3c99965c685c840fce0eeec102bbcad69". You have to remove (or rename) that container to be able to reuse that name.
See 'docker run --help'.
lehieu@192 goal % docker ps -a 
CONTAINER ID   IMAGE          COMMAND                  CREATED         STATUS                       PORTS     NAMES
d7ec0a1a2a5e   993291ec6fc8   "docker-entrypoint.s…"   7 minutes ago   Exited (137) 6 minutes ago             goal-app
lehieu@192 goal % docker rm -f goal-app
goal-app
lehieu@192 goal % docker run --rm -d -p 80:80 --name goal-app nothisu/goal:latest
29041e40b1d63016a0c05c9545998623ac1b9ba84d69003f1e85e41826fdffd4
lehieu@192 goal % docker logs goal-app
lehieu@192 goal % docker logs --details goal-app
lehieu@192 goal % docker stop goal-app
goal-app
lehieu@192 goal % docker images
REPOSITORY                              TAG                IMAGE ID       CREATED        SIZE
nothisu/goal                            latest             993291ec6fc8   2 hours ago    872MB
public.ecr.aws/supabase/studio          20241106-f29003e   7e36aff11700   7 days ago     692MB
public.ecr.aws/supabase/edge-runtime    v1.61.0            a5ce91947797   9 days ago     631MB
public.ecr.aws/supabase/gotrue          v2.163.2           861c8b9e6fc2   3 weeks ago    45.5MB
public.ecr.aws/supabase/postgres-meta   v0.84.2            b8655f4b182c   3 weeks ago    352MB
public.ecr.aws/supabase/storage-api     v1.11.13           8a1af72634a9   5 weeks ago    478MB
public.ecr.aws/supabase/realtime        v2.30.34           2b0b74db6d56   2 months ago   206MB
public.ecr.aws/supabase/postgres        15.1.1.78          cc555cbbe281   4 months ago   1.17GB
public.ecr.aws/supabase/postgrest       v12.2.0            7bb9e110af3f   5 months ago   322MB
public.ecr.aws/supabase/kong            2.8.1              a5957d67fc55   2 years ago    149MB
public.ecr.aws/supabase/imgproxy        v3.8.0             696a5c233e29   2 years ago    162MB
public.ecr.aws/supabase/inbucket        3.0.3              e50d7c2197ff   2 years ago    25.1MB
lehieu@192 goal % docker ps 
CONTAINER ID   IMAGE     COMMAND   CREATED   STATUS    PORTS     NAMES
lehieu@192 goal % docker pull tantien208203/goal-app
Using default tag: latest
latest: Pulling from tantien208203/goal-app
no matching manifest for linux/arm64/v8 in the manifest list entries
lehieu@192 goal % docker pull tantien208203/goal-app:latest            
latest: Pulling from tantien208203/goal-app
no matching manifest for linux/arm64/v8 in the manifest list entries
lehieu@192 goal % docker ps 
CONTAINER ID   IMAGE     COMMAND   CREATED   STATUS    PORTS     NAMES
lehieu@192 goal % docker images
REPOSITORY                              TAG                IMAGE ID       CREATED        SIZE
nothisu/goal                            latest             993291ec6fc8   2 hours ago    872MB
public.ecr.aws/supabase/studio          20241106-f29003e   7e36aff11700   7 days ago     692MB
public.ecr.aws/supabase/edge-runtime    v1.61.0            a5ce91947797   9 days ago     631MB
public.ecr.aws/supabase/gotrue          v2.163.2           861c8b9e6fc2   3 weeks ago    45.5MB
public.ecr.aws/supabase/postgres-meta   v0.84.2            b8655f4b182c   3 weeks ago    352MB
public.ecr.aws/supabase/storage-api     v1.11.13           8a1af72634a9   5 weeks ago    478MB
public.ecr.aws/supabase/realtime        v2.30.34           2b0b74db6d56   2 months ago   206MB
public.ecr.aws/supabase/postgres        15.1.1.78          cc555cbbe281   4 months ago   1.17GB
public.ecr.aws/supabase/postgrest       v12.2.0            7bb9e110af3f   5 months ago   322MB
public.ecr.aws/supabase/kong            2.8.1              a5957d67fc55   2 years ago    149MB
public.ecr.aws/supabase/imgproxy        v3.8.0             696a5c233e29   2 years ago    162MB
public.ecr.aws/supabase/inbucket        3.0.3              e50d7c2197ff   2 years ago    25.1MB
lehieu@192 goal % docker pull tuongan123/goal-app:latest
latest: Pulling from tuongan123/goal-app
f5196cdf2518: Pull complete 
9bed1e86f01e: Pull complete 
f44e4bdb3a6c: Pull complete 
2f75d131f406: Pull complete 
07dff4ad21eb: Pull complete 
e0ac4f13b766: Pull complete 
df2c3b2eb7cc: Pull complete 
efe636eac583: Pull complete 
fe17849545bb: Pull complete 
c7b4efb025e8: Pull complete 
199b531f8474: Pull complete 
bf9e0c6fd17a: Pull complete 
f416e7cc8b3d: Pull complete 
Digest: sha256:5281eee25394b873544e6a43c175999e0d657b50302df4fb5e5875f9cb38945d
Status: Downloaded newer image for tuongan123/goal-app:latest
docker.io/tuongan123/goal-app:latest

What's next:
    View a summary of image vulnerabilities and recommendations → docker scout quickview tuongan123/goal-app:latest
lehieu@192 goal % docker images
REPOSITORY                              TAG                IMAGE ID       CREATED        SIZE
nothisu/goal                            latest             993291ec6fc8   2 hours ago    872MB
tuongan123/goal-app                     latest             a04a16c7305f   5 hours ago    926MB
public.ecr.aws/supabase/studio          20241106-f29003e   7e36aff11700   7 days ago     692MB
public.ecr.aws/supabase/edge-runtime    v1.61.0            a5ce91947797   9 days ago     631MB
public.ecr.aws/supabase/gotrue          v2.163.2           861c8b9e6fc2   3 weeks ago    45.5MB
public.ecr.aws/supabase/postgres-meta   v0.84.2            b8655f4b182c   3 weeks ago    352MB
public.ecr.aws/supabase/storage-api     v1.11.13           8a1af72634a9   5 weeks ago    478MB
public.ecr.aws/supabase/realtime        v2.30.34           2b0b74db6d56   2 months ago   206MB
public.ecr.aws/supabase/postgres        15.1.1.78          cc555cbbe281   4 months ago   1.17GB
public.ecr.aws/supabase/postgrest       v12.2.0            7bb9e110af3f   5 months ago   322MB
public.ecr.aws/supabase/kong            2.8.1              a5957d67fc55   2 years ago    149MB
public.ecr.aws/supabase/imgproxy        v3.8.0             696a5c233e29   2 years ago    162MB
public.ecr.aws/supabase/inbucket        3.0.3              e50d7c2197ff   2 years ago    25.1MB
lehieu@192 goal % docker pull tantien208203/goal-app
Using default tag: latest
latest: Pulling from tantien208203/goal-app
no matching manifest for linux/arm64/v8 in the manifest list entries
lehieu@192 goal % docker images                     
REPOSITORY                              TAG                IMAGE ID       CREATED        SIZE
nothisu/goal                            latest             993291ec6fc8   2 hours ago    872MB
tuongan123/goal-app                     latest             a04a16c7305f   5 hours ago    926MB
public.ecr.aws/supabase/studio          20241106-f29003e   7e36aff11700   7 days ago     692MB
public.ecr.aws/supabase/edge-runtime    v1.61.0            a5ce91947797   9 days ago     631MB
public.ecr.aws/supabase/gotrue          v2.163.2           861c8b9e6fc2   3 weeks ago    45.5MB
public.ecr.aws/supabase/postgres-meta   v0.84.2            b8655f4b182c   3 weeks ago    352MB
public.ecr.aws/supabase/storage-api     v1.11.13           8a1af72634a9   5 weeks ago    478MB
public.ecr.aws/supabase/realtime        v2.30.34           2b0b74db6d56   2 months ago   206MB
public.ecr.aws/supabase/postgres        15.1.1.78          cc555cbbe281   4 months ago   1.17GB
public.ecr.aws/supabase/postgrest       v12.2.0            7bb9e110af3f   5 months ago   322MB
public.ecr.aws/supabase/kong            2.8.1              a5957d67fc55   2 years ago    149MB
public.ecr.aws/supabase/imgproxy        v3.8.0             696a5c233e29   2 years ago    162MB
public.ecr.aws/supabase/inbucket        3.0.3              e50d7c2197ff   2 years ago    25.1MB
lehieu@192 goal % docker rm -f $(docker ps -a)
Error response from daemon: No such container: CONTAINER
Error response from daemon: No such container: ID
Error response from daemon: No such container: IMAGE
Error response from daemon: No such container: COMMAND
Error response from daemon: No such container: CREATED
Error response from daemon: No such container: STATUS
Error response from daemon: No such container: PORTS
Error response from daemon: No such container: NAMES
lehieu@192 goal % docker ps -a 
CONTAINER ID   IMAGE     COMMAND   CREATED   STATUS    PORTS     NAMES
lehieu@192 goal % docker rmi -f $(docker images)
Untagged: nothisu/goal:latest
Untagged: nothisu/goal@sha256:2114d063c574b56d05938f86cb8a4c7ba0262e14400161eef185cb345914ec06
Deleted: sha256:993291ec6fc8b9cdd01b1d9d2b60326663949e1accb6886d350043aee9ffad88
Untagged: public.ecr.aws/supabase/realtime:v2.30.34
Untagged: public.ecr.aws/supabase/realtime@sha256:f43c080c74915340687727a34b21ae9cacc5ac21380d05b61efebeca6fd7ca4f
Deleted: sha256:2b0b74db6d56339ca9e7a94fb1c73af390a1de618ee72c27e0d1c6c8187fff1f
Deleted: sha256:708f2da0f0d9a2602d1cf39d66ce4d0e3feb24be969d2f48d514e76aab34a5c9
Deleted: sha256:a61b509f6201e184627275a6832caecfdd5afaeba43e26425d7d788ebe730955
Deleted: sha256:098e106ca347277ed0e882d8762b09eaf9d4337a2d755153e496fcf144b2847e
Deleted: sha256:2ab0f0e51de088db779174a1d9ed47eb7115604f312441aa5f0d84e6a00aac18
Deleted: sha256:69e603f9a58cc7430cbd9db9945d0bdc5fa2686f3eaee80758b076ecf7c71e27
Deleted: sha256:0af638d67aa558f0960787b84deb05ff1e2c3a633e0cddd9043117f1d004527d
Deleted: sha256:b533c686323117e5a75f370d85b180461d71810f15b8f4f391c4a0315ea4143b
Deleted: sha256:2bd1a2222589b50b52ff960c3d004829633df61532e7a670a91618cd775f2d47
Untagged: tuongan123/goal-app:latest
Untagged: tuongan123/goal-app@sha256:5281eee25394b873544e6a43c175999e0d657b50302df4fb5e5875f9cb38945d
Deleted: sha256:a04a16c7305fd7b2e1f7b1de8ad27176d5bdb0accc10da812e03a5dd3ee28c3e
Deleted: sha256:9ec5d9f111a7c33a5eae4f40a1bbedaa6eb4a8a3d00cb9cee3a954b6a477973c
Deleted: sha256:3d77e0a22ac025b85a247d9d9e9b5a3d6ab01151d52d3cfc6b28fcd8100dee78
Deleted: sha256:239a1fd9188950d0e9d721dbb9c22a4dd3fe0dd0a94e99ab3d9ac4f8edde3a2a
Deleted: sha256:14aac5318e91f961a6bc4ef7c20d43c41e52b1f49377bbc5068bc0e349910575
Deleted: sha256:48a1cb575a53492203b210742623b1d13adb139d0749d38d25106ac1f3320b51
Deleted: sha256:a6253fc13a810dbe1da64ed93c07e1cc2c184978c1e9b4e08652bd0e800d79ad
Deleted: sha256:db909f385a82a377792f7377d99a3f55f461964ccb24ae18ddc81aa8fa9afc56
Deleted: sha256:ee2b3f0d9813cf166884e53c80c4107383b3c3700ece66186bad431a9b518eeb
Deleted: sha256:c2968a5df84beac6e0852f1624eacd178f60313c049ef7d3e281a26ea3fc96ec
Deleted: sha256:09d0e0dc08ffc3f540e65c8146e9f8a3153e79ce8b325b6a1cf54f9361ddf33e
Deleted: sha256:f12afbce95c45bc6503fa8530ceaeae7fd369c3c0affa81a27d338f21a7b998a
Deleted: sha256:31dc859a2b0f6c41d272cc6bf02aee3a770104db7c5cc3d89d7591da5a7302c6
Deleted: sha256:2f4dc9775f33d9f80dff490ce6f9b38c36dbbec4c1951662e8a2e7dab6d6001f
Untagged: public.ecr.aws/supabase/studio:20241106-f29003e
Untagged: public.ecr.aws/supabase/studio@sha256:e5cf72d1ccd858ab0404e4b9381ea6decb1cb3d72dc5be496c6a73c157a042c7
Deleted: sha256:7e36aff11700753362cc49ef38ab368370f419ec8405348f69509dc5cb85f84f
Deleted: sha256:ba8a58ce6abfe97f455f0d875276a5b816a35637965806236500a8799b597983
Deleted: sha256:41ef8fac9195407cbceca057b207fd95834106db202fdcc640529b13c9fc4fff
Deleted: sha256:7cae5972c8547142a9262f1ba89359cce0aa1abb000310ac761ca5375543e3c1
Deleted: sha256:c719c0fc2542779fce9a6379cafe03f6b69a333ed10e3f1c1969d49c076c7b80
Deleted: sha256:b42954b7c8b2cba7570800941efd2f2351304394ce930b45312e45a2b5d7fed2
Untagged: public.ecr.aws/supabase/postgrest:v12.2.0
Untagged: public.ecr.aws/supabase/postgrest@sha256:2cf1efd2c9c2e7606610c113cc73e936d8ce9ba089271cb9cbf11aa564bc30c7
Deleted: sha256:7bb9e110af3fc25f2ae40524478623f3fba73c68694365b9ece29e8a32c5af62
Deleted: sha256:08f777d1b644a2e49015d3f797e84140f3b9ee20a1f57b0e237f6554d1e6046d
Deleted: sha256:69b0afc713ccc816650c6540a6f4a311b521f2578dc6c8ee4ed4b7d9788ae1fd
Deleted: sha256:03fdf04efd9e8117f277abeef88a9d51d45c154bfa042591f85656e8ffccc141
Untagged: public.ecr.aws/supabase/edge-runtime:v1.61.0
Untagged: public.ecr.aws/supabase/edge-runtime@sha256:809d51481499b233ec6be7f842a5f74bb0fa4a58cb894164cf4ff0af222a82ee
Deleted: sha256:a5ce919477973ae8bae79ddfd49b3b5c174fe7c5e4cb773184cc8d8383040ac3
Deleted: sha256:22b5347a78603a1a2ffab8c4a70ac456c559a2e1c66278b5922f28090dd2f2b7
Deleted: sha256:0aa959370f977961cd9c5deda36af02665ef0d447c3baaa2997807b9e7b78c1a
Deleted: sha256:6ed9a19b8ad52846884e62f5bbed5be65df7eb82dbc509db4959aecaf23e598a
Deleted: sha256:c28d57c00b6158436abb9ee103643c3f666ea1d264adf6ff931a29bd23e22c23
Deleted: sha256:44f92f2e26d516e365d597623a696e93dfac653312d0dc01f2617b27e51b4c19
Deleted: sha256:9e40c379477f19e821a5fa3bc9bbcf8a60db108a14d1cd08cd637c3622ccfe6a
Untagged: public.ecr.aws/supabase/gotrue:v2.163.2
Untagged: public.ecr.aws/supabase/gotrue@sha256:9b27ddb75b3b926af49e817d8268cc28ab78fc473fa3f8c348a4b33b8d90d54d
Deleted: sha256:861c8b9e6fc2b3e5fbf78decfdf7c705dea7bb4985595a24ae19a0658b62f86e
Deleted: sha256:e1d45397db97fedff11337ae21da862040ac3bd56b3d7494a32af11e5210963b
Deleted: sha256:6bed95d552514a7e2faccc53216a22bd07e1b24e4bab815579f42e007696e9f0
Deleted: sha256:74c33ec35d8def4a22961f9dfff159470f2f93fc3014d0cee279ef6ba21fb4d3
Deleted: sha256:ab7cb2ebc5e05f4787bdb2aabb580d05c326fcdeac993eaacb31f4f0642beb17
Deleted: sha256:108b943e9c1b3b5e777b0c622d6a29f9d28422c3cebb8ef966807a3fe223c106
Untagged: public.ecr.aws/supabase/postgres-meta:v0.84.2
Untagged: public.ecr.aws/supabase/postgres-meta@sha256:d0a96973e9f1b6303f7500421a459af3d7273b3f9f1db38610899f9f573da7c7
Deleted: sha256:b8655f4b182ce413ff3462472f63994d573e8fcbd1270c650f4b24e91e5a83b7
Deleted: sha256:e1de6237b354d1734d07c1eed7e244261062d907856299572fe27b5af0894b55
Deleted: sha256:aaf92212a929ba04e4acdef88b822256384fc6c7572d35f97621d8e9cf30b80d
Deleted: sha256:680034684ed93732e61cebb529004173901daa8a5ad14871441fa5ff2fca2f42
Deleted: sha256:fa6dde92b4ee175d42b0c9f4bdbe35df81c990fae1260714111bd96420ea3cd7
Deleted: sha256:3defb4b8cd1004d25420420d5c4e44df2dc188d0a7cc346a293704da5cfde137
Deleted: sha256:a63f91af056017554c62019d81a8d21921a53791f3db7ad1e0b43c6da24bec62
Deleted: sha256:0a09d95ddf4fb566d0b76718b158d0eceb47948afd18cfdf89ba92f162b1f332
Deleted: sha256:f437484083ce9eba0e000c10e0cd9a0ee52adc158c8c5c15afd26b35407ccb33
Deleted: sha256:be41006b101c99f0b155bd5d1939956dd625f5c79a3306513570002455f291b2
Deleted: sha256:f0f039847c0897e41273775d599cc761049c809342ff8362efb4caf561186ada
Untagged: public.ecr.aws/supabase/storage-api:v1.11.13
Untagged: public.ecr.aws/supabase/storage-api@sha256:1e85dad48e8b3e85890a555e5114dc7ee48c2e8be4cfd97dd4e3564b4f104fcd
Deleted: sha256:8a1af72634a9a9d9d368c70507815c5b6eda4a95f507c5ac99aa7f1211c2b9d6
Deleted: sha256:ef2bbec23d011326d5d6581aa304ae30b5c1b9face79031277fd228ac7850af1
Deleted: sha256:a202153d2e54bd681baeb140926e0ea077b70416ffe6008213379fac242cb5a5
Deleted: sha256:9deadcb93d5ea67260f8fd989e4c0167598787dfaba6a18af6aba406776ad785
Deleted: sha256:bca2a986f033160e41da7c30336fdad2cba985ef5ce95b84a24cd6ef68fce2dd
Deleted: sha256:2df2003d399c5dce546d306d0ea53eb61b1a7f3a28213457d973be01da9c826d
Deleted: sha256:a0617ac645110d048ff703e6f138d4c95132caf290f625b2a90f0b00d8713e84
Deleted: sha256:73436f551e6dd48646e1e97c05a4784d44a4006120f656ed9b279b86770257ce
Deleted: sha256:bb5e62a73d4534e402d0d40a310aa9463ee9ca3bc1d32174aef3986c877cb8df
Deleted: sha256:ca90f1f834adae4603f7805631559b2b654c6eb68044464ac9a930f52b6c541a
Deleted: sha256:16113d51b7181f20135f51e8ffbaead20a7671cd783017601f198748ce8a8ebf
Untagged: public.ecr.aws/supabase/postgres:15.1.1.78
Untagged: public.ecr.aws/supabase/postgres@sha256:881ac26a02870c6784d9fbec67a6a9c5026905216bbd7dfbfa289ecc48073387
Deleted: sha256:cc555cbbe281c6e7ef014048f41f0fdaaf6553f9ef58d1a09d25542b7d7099f5
Deleted: sha256:aa64c450604536eb074eb0af13a5715c434851b833d04451eaf7baeddd968877
Deleted: sha256:22abb3bc0053407197904b7d024672ff01d6991edb2a920fecfe868e08deab1e
Deleted: sha256:ed26f19005c53ac9c983181c53bab5eb797445dda44d16d4e040cd6f9a30d5a5
Deleted: sha256:44d9765694e19df5b61a3f956be71f64b4c5d262dcfb06dd4ab970bb6cb6aba0
Deleted: sha256:c66b5367ac83a4b37b5323810eda4ac3a03dff48567e44c888b45504b1668677
Deleted: sha256:fd7265c383a0ac51a0b2dd45a74baff56340748b86e50400be5bce5417b6132e
Deleted: sha256:59b6f2cefae947d899395d7d48b6f954b70e328bdd26f6142ca9829ddbabb7b1
Deleted: sha256:86861196f642beadade11ff0c2844e956f75c365835e23633f1279ed9bcfa9b7
Deleted: sha256:476a033e0560f293d1ac456b5b4a8ad06a5ae35e7013f0173e33f04b27badd11
Deleted: sha256:e1752311d35bda3c4dcaa354b36b4832db6c365e5ce1b35e8890865e03ef4813
Deleted: sha256:2a9e787a8361218c1fa934aa1d227a58d31a468eda60c6b35010af6c853375ed
Deleted: sha256:7e352227ffc9a87aaf12d4954923bf1f2532be23e78882013917079620204682
Deleted: sha256:fa96fa518270b4ed4f188b5fcec3bddb249b576ced75c6f62d235b4a01af1cc1
Deleted: sha256:3316b249469e3917ceffcb04a15de518fcd5770a6529b5d8e87d0798a73d2c99
Deleted: sha256:6c44c46a15f3a9891d9dec4d1f4c8e9a3978d3565b1d31ae6eab76137dba2dad
Deleted: sha256:5e1aa8b58ed404c15f5c682d8d0033f99a0b239758879b9d1c9885663a8fc2cc
Deleted: sha256:761d35dda6ced8479f06e6d30374c55061ebe030d608b0dd3064f7f801463a77
Deleted: sha256:f3ce4ff8bbd359f25fcae56949aeb016f33142a956db525886e44089bda19390
Deleted: sha256:6b017bdfad18822a9b8f7ea3b1675910a223aafd040340867d019b862b852426
Deleted: sha256:a03720ed265f751e8b0b54cbd26275aa758d3ef86629eec6b555f8550857faf5
Deleted: sha256:8267f12b3859e9ac5d44b6c2aa67acf429a3f289f4db33345033e3c80ec71a72
Deleted: sha256:fe456c3705ede1a83c1824772b79634744e8a1298502cf3fe810172c734e8e43
Deleted: sha256:75036070682c2512f4616d7c52ee2498e8400f03119ca3e926473de7afd9e27f
Deleted: sha256:a8c68591d421fc2d4bdda704f67a796edf5ff880c59358d75107eb5261821650
Untagged: public.ecr.aws/supabase/kong:2.8.1
Untagged: public.ecr.aws/supabase/kong@sha256:1b53405d8680a09d6f44494b7990bf7da2ea43f84a258c59717d4539abf09f6d
Deleted: sha256:a5957d67fc55af3d11bdbd87de76f7480e3c4d8bcb715d6cfd01922780f46ea9
Deleted: sha256:76be0defb992cc7bf80cfec25c6f4abd7f84d07f4f364cf84a99eacda3ea8848
Deleted: sha256:8f10b5ff0a69ecff27cb4a9c2ef506255aa30accdfaf45121b75bd53f43ee21e
Deleted: sha256:2c2ab91a0cb62e4fbedd3e226ecb774499e0f975f885cda4a2f28008c3b8e764
Deleted: sha256:5d3e392a13a0fdfbf8806cb4a5e4b0a92b5021103a146249d8a2c999f06a9772
Untagged: public.ecr.aws/supabase/imgproxy:v3.8.0
Untagged: public.ecr.aws/supabase/imgproxy@sha256:0facd355d50f3be665ebe674486f2b2e9cdaebd3f74404acd9b7fece2f661435
Deleted: sha256:696a5c233e29165b01ba3a93ae5eceb67be624d5deaa9ed259683beb94f55102
Deleted: sha256:407577d084eebfd2f7603b15ac9d2e878ddf8cac33bf5cb07056d577e918b2b7
Deleted: sha256:6aa114f583a9fc43f6a45a1d5acf7d5d6c5905f2128154f6177db78a12966e87
Deleted: sha256:bdb0ff833d73f76fce8b58c7793365d4b9804f16cca95ab37abc4d25538e3b31
Deleted: sha256:ff158763365ed54efa1c7c584cb59bfbdbdd7ef01ebb63f8cad9854c2b9ef887
Deleted: sha256:a1c0d5cead8539f5efd87e0b00a8ca5f7541da10feea7778b3de7dea8a2b817a
Deleted: sha256:c75eaa0eefd3c60b86bed7b8e234f032b2234382d113a6125c40c553146271fe
Untagged: public.ecr.aws/supabase/inbucket:3.0.3
Untagged: public.ecr.aws/supabase/inbucket@sha256:dc912ab76de647ca2a363fe285515e512e964cf699166773f3c2c73f5e7f71c0
Deleted: sha256:e50d7c2197ff536d529815cbc742ee4d891b7d85de8c3a04f4e9b073d9259b09
Deleted: sha256:fb8c00d863035646633903593c5036560d96fa3b6bdc699ed85c188dd2d16b9e
Deleted: sha256:ba381ad90461275c606ae34422c71ca4dbad062043a403241d8bc4148109ccc3
Deleted: sha256:f20a94955f304f909fab6697ccf93141f2feeabf0a7056eeab16ef0e0268b095
Deleted: sha256:b327552be35d8e80a7e8560868631c3c863522d9efaaba88314d8507c69a338b
Deleted: sha256:8154221dc1079a1aeac84240aa3bf990a3beb5cea4f6505702e1e79138c814c1
Deleted: sha256:2188e229d24168a19467ad070557026defff95677e161ef3b96dd1a09c17b78d
Deleted: sha256:8e2df713f3de5130fc99a08d2e1b2103c8bd10b653954ecfb3ebcf928c4bd31a
Deleted: sha256:5b7df235d876e8cd4a2a329ae786db3fb152eff939f88379c49bcaaabbafbd9c
Error response from daemon: invalid reference format: repository name (library/REPOSITORY) must be lowercase
Error response from daemon: invalid reference format: repository name (library/TAG) must be lowercase
Error response from daemon: invalid reference format: repository name (library/IMAGE) must be lowercase
Error response from daemon: invalid reference format: repository name (library/ID) must be lowercase
Error response from daemon: invalid reference format: repository name (library/CREATED) must be lowercase
Error response from daemon: invalid reference format: repository name (library/SIZE) must be lowercase
Error response from daemon: No such image: latest:latest
Error response from daemon: No such image: 993291ec6fc8:latest
Error response from daemon: No such image: hours:latest
Error response from daemon: No such image: ago:latest
Error response from daemon: invalid reference format: repository name (library/872MB) must be lowercase
Error response from daemon: No such image: latest:latest
Error response from daemon: No such image: a04a16c7305f:latest
Error response from daemon: No such image: 5:latest
Error response from daemon: No such image: hours:latest
Error response from daemon: No such image: ago:latest
Error response from daemon: invalid reference format: repository name (library/926MB) must be lowercase
Error response from daemon: No such image: public.ecr.aws/supabase/studio:latest
Error response from daemon: No such image: 20241106-f29003e:latest
Error response from daemon: No such image: days:latest
Error response from daemon: No such image: ago:latest
Error response from daemon: invalid reference format: repository name (library/692MB) must be lowercase
Error response from daemon: No such image: public.ecr.aws/supabase/edge-runtime:latest
Error response from daemon: No such image: v1.61.0:latest
Error response from daemon: No such image: 9:latest
Error response from daemon: No such image: days:latest
Error response from daemon: No such image: ago:latest
Error response from daemon: invalid reference format: repository name (library/631MB) must be lowercase
Error response from daemon: No such image: public.ecr.aws/supabase/gotrue:latest
Error response from daemon: No such image: v2.163.2:latest
Error response from daemon: No such image: 3:latest
Error response from daemon: No such image: weeks:latest
Error response from daemon: No such image: ago:latest
Error response from daemon: invalid reference format: repository name (library/45.5MB) must be lowercase
Error response from daemon: No such image: public.ecr.aws/supabase/postgres-meta:latest
Error response from daemon: No such image: v0.84.2:latest
Error response from daemon: No such image: 3:latest
Error response from daemon: No such image: weeks:latest
Error response from daemon: No such image: ago:latest
Error response from daemon: invalid reference format: repository name (library/352MB) must be lowercase
Error response from daemon: No such image: public.ecr.aws/supabase/storage-api:latest
Error response from daemon: No such image: v1.11.13:latest
Error response from daemon: No such image: 5:latest
Error response from daemon: No such image: weeks:latest
Error response from daemon: No such image: ago:latest
Error response from daemon: invalid reference format: repository name (library/478MB) must be lowercase
Error response from daemon: No such image: public.ecr.aws/supabase/realtime:latest
Error response from daemon: No such image: v2.30.34:latest
Error response from daemon: No such image: 2b0b74db6d56:latest
Error response from daemon: No such image: 2:latest
Error response from daemon: No such image: months:latest
Error response from daemon: No such image: ago:latest
Error response from daemon: invalid reference format: repository name (library/206MB) must be lowercase
Error response from daemon: No such image: public.ecr.aws/supabase/postgres:latest
Error response from daemon: No such image: 15.1.1.78:latest
Error response from daemon: No such image: 4:latest
Error response from daemon: No such image: months:latest
Error response from daemon: No such image: ago:latest
Error response from daemon: invalid reference format: repository name (library/1.17GB) must be lowercase
Error response from daemon: No such image: public.ecr.aws/supabase/postgrest:latest
Error response from daemon: No such image: v12.2.0:latest
Error response from daemon: No such image: 7bb9e110af3f:latest
Error response from daemon: No such image: 5:latest
Error response from daemon: No such image: months:latest
Error response from daemon: No such image: ago:latest
Error response from daemon: invalid reference format: repository name (library/322MB) must be lowercase
Error response from daemon: No such image: public.ecr.aws/supabase/kong:latest
Error response from daemon: No such image: 2.8.1:latest
Error response from daemon: No such image: 2:latest
Error response from daemon: No such image: years:latest
Error response from daemon: No such image: ago:latest
Error response from daemon: invalid reference format: repository name (library/149MB) must be lowercase
Error response from daemon: No such image: public.ecr.aws/supabase/imgproxy:latest
Error response from daemon: No such image: v3.8.0:latest
Error response from daemon: No such image: 2:latest
Error response from daemon: No such image: years:latest
Error response from daemon: No such image: ago:latest
Error response from daemon: invalid reference format: repository name (library/162MB) must be lowercase
Error response from daemon: No such image: public.ecr.aws/supabase/inbucket:latest
Error response from daemon: No such image: 3.0.3:latest
Error response from daemon: No such image: 2:latest
Error response from daemon: No such image: years:latest
Error response from daemon: No such image: ago:latest
Error response from daemon: invalid reference format: repository name (library/25.1MB) must be lowercase
lehieu@192 goal % docker images
REPOSITORY   TAG       IMAGE ID   CREATED   SIZE
lehieu@192 goal % docker pull nothisu/goal
Using default tag: latest
latest: Pulling from nothisu/goal
a41fbedfa4b1: Already exists 
6a94d3b1a91a: Already exists 
dad88c3c2eed: Already exists 
67f90700f585: Already exists 
48979b276d7f: Already exists 
9520e1bb28ad: Already exists 
b2423df69002: Already exists 
8a1e736bfbf6: Already exists 
5e56b5666dd9: Already exists 
a03587b02fe4: Already exists 
d1e6649ec80d: Already exists 
e15ea61ba798: Already exists 
0e393bb6d67e: Already exists 
Digest: sha256:2114d063c574b56d05938f86cb8a4c7ba0262e14400161eef185cb345914ec06
Status: Downloaded newer image for nothisu/goal:latest
docker.io/nothisu/goal:latest

What's next:
    View a summary of image vulnerabilities and recommendations → docker scout quickview nothisu/goal
lehieu@192 goal % docker ps -a 
CONTAINER ID   IMAGE     COMMAND   CREATED   STATUS    PORTS     NAMES
lehieu@192 goal % docker images
REPOSITORY     TAG       IMAGE ID       CREATED       SIZE
nothisu/goal   latest    993291ec6fc8   2 hours ago   872MB
lehieu@192 goal % docker scout quickview nothisu/goal
    i New version 1.15.1 available (installed version is 1.14.0) at https://github.com/docker/scout-cli
      Log in with your Docker ID or email address to use docker scout.

If you don't have a Docker ID, head over to https://hub.docker.com to
create one. You can log in with your password or a Personal Access Token (PAT)
by running docker login.
Using a limited-scope PAT grants better security and is required for organizations
using SSO. Learn more at https://docs.docker.com/go/access-tokens/

You can also log in using Docker Desktop.
lehieu@192 goal % docker images
REPOSITORY     TAG       IMAGE ID       CREATED       SIZE
nothisu/goal   latest    993291ec6fc8   2 hours ago   872MB


lehieu@192 goal % docker pull tuongan123/goal-app
Using default tag: latest
latest: Pulling from tuongan123/goal-app
f5196cdf2518: Pull complete 
9bed1e86f01e: Pull complete 
f44e4bdb3a6c: Pull complete 
2f75d131f406: Pull complete 
07dff4ad21eb: Pull complete 
e0ac4f13b766: Pull complete 
df2c3b2eb7cc: Pull complete 
efe636eac583: Pull complete 
fe17849545bb: Pull complete 
c7b4efb025e8: Pull complete 
199b531f8474: Pull complete 
bf9e0c6fd17a: Pull complete 
f416e7cc8b3d: Pull complete 
Digest: sha256:5281eee25394b873544e6a43c175999e0d657b50302df4fb5e5875f9cb38945d
Status: Downloaded newer image for tuongan123/goal-app:latest
docker.io/tuongan123/goal-app:latest

What's next:
    View a summary of image vulnerabilities and recommendations → docker scout quickview tuongan123/goal-app
lehieu@192 goal % docker run --rm -d -p 80:80 goal-app tuongan123/goal-app
Unable to find image 'goal-app:latest' locally
docker: Error response from daemon: pull access denied for goal-app, repository does not exist or may require 'docker login': denied: requested access to the resource is denied.
See 'docker run --help'.
lehieu@192 goal % docker run --rm -d -p 80:80 --name  goal-app tuongan123/goal-app
WARNING: The requested image's platform (linux/amd64) does not match the detected host platform (linux/arm64/v8) and no specific platform was requested
f6559c853b979e9264e9d94ef61fca265dcb49e874c5cc5e7f940718ae941761
lehieu@192 goal % docker ps -a 
CONTAINER ID   IMAGE                 COMMAND                  CREATED         STATUS         PORTS                NAMES
f6559c853b97   tuongan123/goal-app   "docker-entrypoint.s…"   8 seconds ago   Up 8 seconds   0.0.0.0:80->80/tcp   goal-app
lehieu@192 goal % docker stop goal-app
goal-app
lehieu@192 goal % docker pull nothisu/goal
Using default tag: latest
latest: Pulling from nothisu/goal
Digest: sha256:2114d063c574b56d05938f86cb8a4c7ba0262e14400161eef185cb345914ec06
Status: Image is up to date for nothisu/goal:latest
docker.io/nothisu/goal:latest

What's next:
    View a summary of image vulnerabilities and recommendations → docker scout quickview nothisu/goal
lehieu@192 goal % docker images
REPOSITORY            TAG       IMAGE ID       CREATED       SIZE
nothisu/goal          latest    993291ec6fc8   2 hours ago   872MB
tuongan123/goal-app   latest    a04a16c7305f   5 hours ago   926MB
lehieu@192 goal % docker rm goal-app
Error response from daemon: No such container: goal-app
lehieu@192 goal % docker run --rm -d -p --name goal-app nothisu/goal    
docker: invalid containerPort: --name.
See 'docker run --help'.
lehieu@192 goal % docker run --rm -d -p 80:80 --name goal-app nothisu/goal
395110c4a411e452bd5bb37f318cc866c2d03700cab97f90bfd99f8f3b48a7c5
lehieu@192 goal % docker stop goal-app
goal-app
lehieu@192 goal % docker images
REPOSITORY            TAG       IMAGE ID       CREATED       SIZE
nothisu/goal          latest    993291ec6fc8   2 hours ago   872MB
tuongan123/goal-app   latest    a04a16c7305f   5 hours ago   926MB
lehieu@192 goal % 
lehieu@192 goal % docker pull tantien208203/goal-app
Using default tag: latest
latest: Pulling from tantien208203/goal-app
1fe172e4850f: Pull complete
e668081a2733: Pull complete
a55e0b57fcd3: Pull complete
123f877d197e: Pull complete
cc38f6504a4f: Pull complete
2b33b2313a88: Pull complete
88ad0a049cd6: Pull complete
429705504f75: Pull complete
cd0bb6baa89e: Pull complete
Digest: sha256:1b2c62b4c89ffd6433d150d0c69760f6c53c285977914578ae962a86c2677a49
Status: Downloaded newer image for tantien208203/goal-app:latest
docker.io/tantien208203/goal-app:latest


2111896-Nguyễn Tân Tiến

What's next:
    View a summary of image vulnerabilities and recommendations → docker scout quickview tantien208203/goal-app

lehieu@192 goal % docker images
REPOSITORY              TAG       IMAGE ID       CREATED       SIZE
nothisu/goal            latest    993291ec6fc8   2 hours ago   872MB
tuongan123/goal-app     latest    a04a16c7305f   5 hours ago   926MB
tantien208203/goal-app  latest    1f28bf9d5eb5   3 hours ago   173MB
lehieu@192 goal % docker run --rm -d -p 80:80 --name goal-app tantien208203/goal-app
lehieu@192 goal % docker stop goal-app
goal-app
lehieu@192 goal %
