ast login: Mon Nov 11 16:33:31 on ttys003
lehieu@Les-MacBook-Pro ~ % cd Downloads/Hisu/Projects/docker
lehieu@Les-MacBook-Pro docker % ls -a
.		.DS_Store	.gitattributes	Hello.txt	goal
..		.git		Goal.txt	Lenh.txt	hello
lehieu@Les-MacBook-Pro docker % ls
Goal.txt	Hello.txt	Lenh.txt	goal		hello
lehieu@Les-MacBook-Pro docker % ls -l
total 136
-rw-r--r--@ 1 lehieu  staff  34785 Nov  8 19:03 Goal.txt
-rw-r--r--@ 1 lehieu  staff  16598 Nov  8 19:02 Hello.txt
-rw-r--r--@ 1 lehieu  staff   9729 Nov  8 18:53 Lenh.txt
drwxr-xr-x@ 9 lehieu  staff    288 Nov  8 18:07 goal
drwxr-xr-x@ 9 lehieu  staff    288 Nov  7 19:48 hello
lehieu@Les-MacBook-Pro docker % mkdir node-app
lehieu@Les-MacBook-Pro docker % cd node-app
lehieu@Les-MacBook-Pro node-app % touch server.js
lehieu@Les-MacBook-Pro node-app % ls
server.js
lehieu@Les-MacBook-Pro node-app % vi server.js
lehieu@Les-MacBook-Pro node-app % touch package.json
lehieu@Les-MacBook-Pro node-app % vi package.json
lehieu@Les-MacBook-Pro node-app % npm install

added 65 packages, and audited 66 packages in 7s

13 packages are looking for funding
  run `npm fund` for details

found 0 vulnerabilities
lehieu@Les-MacBook-Pro node-app % cd .
lehieu@Les-MacBook-Pro node-app % mkdir python-app
lehieu@Les-MacBook-Pro node-app % cd python-app
lehieu@Les-MacBook-Pro python-app % touch bmi.py
lehieu@Les-MacBook-Pro python-app % vi bmi.py
lehieu@Les-MacBook-Pro python-app % vi bmi.py
lehieu@Les-MacBook-Pro python-app % vi bmi.py
lehieu@Les-MacBook-Pro python-app % cd .
lehieu@Les-MacBook-Pro python-app % cd /
lehieu@Les-MacBook-Pro / % ls
Applications	System		Volumes		cores		etc		opt		sbin		usr
Library		Users		bin		dev		home		private		tmp		var
lehieu@Les-MacBook-Pro / % cd ./
lehieu@Les-MacBook-Pro / % cd ~
lehieu@Les-MacBook-Pro ~ % ls
Applications	Documents	Library		Music		Public
Desktop		Downloads	Movies		Pictures	node_modules
lehieu@Les-MacBook-Pro ~ %  cd Downloads/Hisu/Projects/docker
lehieu@Les-MacBook-Pro docker % ls
Goal.txt	Hello.txt	Lenh.txt	goal		hello		node-app	python-app
lehieu@Les-MacBook-Pro docker % cd node-app
lehieu@Les-MacBook-Pro node-app % node server.js
^C
lehieu@Les-MacBook-Pro node-app % cd ..
lehieu@Les-MacBook-Pro docker % cd python-app
lehieu@Les-MacBook-Pro python-app % python3 bmi.py
(1) Metric (m, kg) or (2) Non-Metric (ft, pounds)?
Please choose: 1
Please enter your height in meters
Your height: 1.62
Please enter your weight in kilograms
Your weight: 44
Your body-mass-index: 16.76573693034598
lehieu@Les-MacBook-Pro python-app % touch dockerfile
lehieu@Les-MacBook-Pro python-app % cd ..
lehieu@Les-MacBook-Pro docker % cd node-app
lehieu@Les-MacBook-Pro node-app % touch dockerfile
lehieu@Les-MacBook-Pro node-app % vi dockerfile
lehieu@Les-MacBook-Pro node-app % docker build -t node-app .
[+] Building 38.3s (11/11) FINISHED                                                                                                      docker:desktop-linux
 => [internal] load build definition from dockerfile                                                                                                     0.0s
 => => transferring dockerfile: 465B                                                                                                                     0.0s
 => [internal] load metadata for docker.io/library/node:14                                                                                              16.6s
 => [auth] library/node:pull token for registry-1.docker.io                                                                                              0.0s
 => [internal] load .dockerignore                                                                                                                        0.0s
 => => transferring context: 2B                                                                                                                          0.0s
 => [1/5] FROM docker.io/library/node:14@sha256:a158d3b9b4e3fa813fa6c8c590b8f0a860e015ad4e59bbce5744d2f6fd8461aa                                         0.0s
 => [internal] load build context                                                                                                                        0.1s
 => => transferring context: 2.39MB                                                                                                                      0.1s
 => CACHED [2/5] WORKDIR /app                                                                                                                            0.0s
 => [3/5] COPY package*.json ./                                                                                                                          0.0s
 => [4/5] RUN npm install                                                                                                                               21.4s
 => [5/5] COPY . .                                                                                                                                       0.1s
 => exporting to image                                                                                                                                   0.1s
 => => exporting layers                                                                                                                                  0.1s
 => => writing image sha256:470e4f94a4027afe5061eaf57772caeea6054da26205227945edf79dbbca80f7                                                             0.0s
 => => naming to docker.io/library/node-app                                                                                                              0.0s

View build details: docker-desktop://dashboard/build/desktop-linux/desktop-linux/ifnftxnt084ooccvvdjnrtfcm

What's next:
    View a summary of image vulnerabilities and recommendations → docker scout quickview
lehieu@Les-MacBook-Pro node-app % docker ps -a
CONTAINER ID   IMAGE         COMMAND                  CREATED      STATUS                    PORTS     NAMES
9085692decea   goal-image    "docker-entrypoint.s…"   3 days ago   Exited (137) 3 days ago             goal-app
cc354b80495f   hello-image   "docker-entrypoint.s…"   4 days ago   Exited (137) 4 days ago             hello-app
lehieu@Les-MacBook-Pro node-app % docker images
REPOSITORY                              TAG                IMAGE ID       CREATED          SIZE
node-app                                latest             470e4f94a402   29 seconds ago   865MB
goal-image                              latest             44e9f7d0d98a   3 days ago       872MB
hello-image                             latest             ea89c86fa92e   4 days ago       865MB
public.ecr.aws/supabase/studio          20241106-f29003e   7e36aff11700   5 days ago       692MB
public.ecr.aws/supabase/edge-runtime    v1.61.0            a5ce91947797   7 days ago       631MB
public.ecr.aws/supabase/gotrue          v2.163.2           861c8b9e6fc2   2 weeks ago      45.5MB
public.ecr.aws/supabase/postgres-meta   v0.84.2            b8655f4b182c   3 weeks ago      352MB
public.ecr.aws/supabase/storage-api     v1.11.13           8a1af72634a9   4 weeks ago      478MB
public.ecr.aws/supabase/realtime        v2.30.34           2b0b74db6d56   2 months ago     206MB
public.ecr.aws/supabase/postgres        15.1.1.78          cc555cbbe281   3 months ago     1.17GB
public.ecr.aws/supabase/postgrest       v12.2.0            7bb9e110af3f   5 months ago     322MB
public.ecr.aws/supabase/kong            2.8.1              a5957d67fc55   2 years ago      149MB
public.ecr.aws/supabase/imgproxy        v3.8.0             696a5c233e29   2 years ago      162MB
public.ecr.aws/supabase/inbucket        3.0.3              e50d7c2197ff   2 years ago      25.1MB
lehieu@Les-MacBook-Pro node-app % docker run -d -p 3000:3000 node-app
66f0394a9bad7c0c56687dda4fd3c72ff86044055c5f5c5c01bd8a53f11dfc6d
lehieu@Les-MacBook-Pro node-app % docker ps -a
CONTAINER ID   IMAGE         COMMAND                  CREATED          STATUS                    PORTS                    NAMES
66f0394a9bad   node-app      "docker-entrypoint.s…"   14 seconds ago   Up 14 seconds             0.0.0.0:3000->3000/tcp   intelligent_chaplygin
9085692decea   goal-image    "docker-entrypoint.s…"   3 days ago       Exited (137) 3 days ago                            goal-app
cc354b80495f   hello-image   "docker-entrypoint.s…"   4 days ago       Exited (137) 4 days ago                            hello-app
lehieu@Les-MacBook-Pro node-app % docker ps -a
CONTAINER ID   IMAGE         COMMAND                  CREATED          STATUS                    PORTS                    NAMES
66f0394a9bad   node-app      "docker-entrypoint.s…"   42 seconds ago   Up 41 seconds             0.0.0.0:3000->3000/tcp   intelligent_chaplygin
9085692decea   goal-image    "docker-entrypoint.s…"   3 days ago       Exited (137) 3 days ago                            goal-app
cc354b80495f   hello-image   "docker-entrypoint.s…"   4 days ago       Exited (137) 4 days ago                            hello-app
lehieu@Les-MacBook-Pro node-app % docker ps -a
CONTAINER ID   IMAGE         COMMAND                  CREATED          STATUS                    PORTS                    NAMES
66f0394a9bad   node-app      "docker-entrypoint.s…"   44 seconds ago   Up 44 seconds             0.0.0.0:3000->3000/tcp   intelligent_chaplygin
9085692decea   goal-image    "docker-entrypoint.s…"   3 days ago       Exited (137) 3 days ago                            goal-app
cc354b80495f   hello-image   "docker-entrypoint.s…"   4 days ago       Exited (137) 4 days ago                            hello-app
lehieu@Les-MacBook-Pro node-app % docker ps -a
CONTAINER ID   IMAGE         COMMAND                  CREATED          STATUS                    PORTS                    NAMES
66f0394a9bad   node-app      "docker-entrypoint.s…"   46 seconds ago   Up 46 seconds             0.0.0.0:3000->3000/tcp   intelligent_chaplygin
9085692decea   goal-image    "docker-entrypoint.s…"   3 days ago       Exited (137) 3 days ago                            goal-app
cc354b80495f   hello-image   "docker-entrypoint.s…"   4 days ago       Exited (137) 4 days ago                            hello-app
lehieu@Les-MacBook-Pro node-app % cd ..
lehieu@Les-MacBook-Pro docker % cd python-app
lehieu@Les-MacBook-Pro python-app % touch dockerfile
lehieu@Les-MacBook-Pro python-app % vi dockerfile
lehieu@Les-MacBook-Pro python-app % docker build -t python-app .
[+] Building 251.3s (6/9)                                                                                                                docker:desktop-linux
 => [internal] load build definition from dockerfile                                                                                                     0.0s
 => => transferring dockerfile: 439B                                                                                                                     0.0s
 => [internal] load metadata for docker.io/library/python:latest                                                                                         9.2s
 => [auth] library/python:pull token for registry-1.docker.io                                                                                            0.0s
 => [internal] load .dockerignore                                                                                                                        0.0s
 => => transferring context: 2B                                                                                                                          0.0s
 => CANCELED [1/4] FROM docker.io/library/python:latest@sha256:5b5dd1a0950084ef399eae9ec6210b30a7f1b5389c95aa3f64759fba4d2b3a24                        242.1s
 => => resolve docker.io/library/python:latest@sha256:5b5dd1a0950084ef399eae9ec6210b30a7f1b5389c95aa3f64759fba4d2b3a24                                   0.0s
 => => sha256:95b894d63c771a6056bc65ff25192b251413259ba7d160b0076f0f5d7975dc39 9.44MB / 23.59MB                                                        242.1s
 => => sha256:cb5594266b1bacf9ad6855b00d9c5c98e721001eb115218eda673e548e04fdbf 5.24MB / 64.35MB                                                        242.1s
 => => sha256:5b5dd1a0950084ef399eae9ec6210b30a7f1b5389c95aa3f64759fba4d2b3a24 9.72kB / 9.72kB                                                           0.0s
 => => sha256:e62726314dec7446c7c7d3ee39d67c8105f79cbb22d5864913f7a75e05b566a2 2.33kB / 2.33kB                                                           0.0s
 => => sha256:c1e0ef7b956a07c7b090256aa16cbb0550a34d0625d1d23c5b1a76e92a58d01e 16.78MB / 49.58MB                                                       242.1s
 => => sha256:d80d372777022077a370dd4b3f7703c34780c5cea60d87664652d3817602ce18 6.07kB / 6.07kB                                                           0.0s
 => [internal] load build context                                                                                                                        0.0s
 => => transferring context: 1.32kB                                                                                                                      0.0s
ERROR: failed to solve: Canceled: context canceled
lehieu@Les-MacBook-Pro python-app % docker images
REPOSITORY                              TAG                IMAGE ID       CREATED         SIZE
node-app                                latest             470e4f94a402   9 minutes ago   865MB
goal-image                              latest             44e9f7d0d98a   3 days ago      872MB
hello-image                             latest             ea89c86fa92e   4 days ago      865MB
public.ecr.aws/supabase/studio          20241106-f29003e   7e36aff11700   5 days ago      692MB
public.ecr.aws/supabase/edge-runtime    v1.61.0            a5ce91947797   7 days ago      631MB
public.ecr.aws/supabase/gotrue          v2.163.2           861c8b9e6fc2   2 weeks ago     45.5MB
public.ecr.aws/supabase/postgres-meta   v0.84.2            b8655f4b182c   3 weeks ago     352MB
public.ecr.aws/supabase/storage-api     v1.11.13           8a1af72634a9   4 weeks ago     478MB
public.ecr.aws/supabase/realtime        v2.30.34           2b0b74db6d56   2 months ago    206MB
public.ecr.aws/supabase/postgres        15.1.1.78          cc555cbbe281   3 months ago    1.17GB
public.ecr.aws/supabase/postgrest       v12.2.0            7bb9e110af3f   5 months ago    322MB
public.ecr.aws/supabase/kong            2.8.1              a5957d67fc55   2 years ago     149MB
public.ecr.aws/supabase/imgproxy        v3.8.0             696a5c233e29   2 years ago     162MB
public.ecr.aws/supabase/inbucket        3.0.3              e50d7c2197ff   2 years ago     25.1MB
lehieu@Les-MacBook-Pro python-app % docker build -t python-app .
[+] Building 349.2s (9/9) FINISHED                                                                                                       docker:desktop-linux
 => [internal] load build definition from dockerfile                                                                                                     0.0s
 => => transferring dockerfile: 439B                                                                                                                     0.0s
 => [internal] load metadata for docker.io/library/python:latest                                                                                         1.2s
 => [internal] load .dockerignore                                                                                                                        0.0s
 => => transferring context: 2B                                                                                                                          0.0s
 => [1/4] FROM docker.io/library/python:latest@sha256:5b5dd1a0950084ef399eae9ec6210b30a7f1b5389c95aa3f64759fba4d2b3a24                                 345.8s
 => => resolve docker.io/library/python:latest@sha256:5b5dd1a0950084ef399eae9ec6210b30a7f1b5389c95aa3f64759fba4d2b3a24                                   0.0s
 => => sha256:d80d372777022077a370dd4b3f7703c34780c5cea60d87664652d3817602ce18 6.07kB / 6.07kB                                                           0.0s
 => => sha256:95b894d63c771a6056bc65ff25192b251413259ba7d160b0076f0f5d7975dc39 23.59MB / 23.59MB                                                       116.5s
 => => sha256:5b5dd1a0950084ef399eae9ec6210b30a7f1b5389c95aa3f64759fba4d2b3a24 9.72kB / 9.72kB                                                           0.0s
 => => sha256:c1e0ef7b956a07c7b090256aa16cbb0550a34d0625d1d23c5b1a76e92a58d01e 49.58MB / 49.58MB                                                       159.2s
 => => sha256:cb5594266b1bacf9ad6855b00d9c5c98e721001eb115218eda673e548e04fdbf 64.35MB / 64.35MB                                                       132.9s
 => => sha256:e62726314dec7446c7c7d3ee39d67c8105f79cbb22d5864913f7a75e05b566a2 2.33kB / 2.33kB                                                           0.0s
 => => sha256:59d4884f85282b9a352dbcedf2cccd073a63e60b151be84375ce9279dec1c553 202.64MB / 202.64MB                                                     340.4s
 => => sha256:d2dab3c2913ca682e3b3db9b8b7a031d807fbce120cb27a636135f0478a4c9e7 6.24MB / 6.24MB                                                         143.6s
 => => sha256:19c44926628f426de69d9e5c4826273d528272a5e1af98c892ac5b338b8abc63 26.38MB / 26.38MB                                                       173.3s
 => => extracting sha256:c1e0ef7b956a07c7b090256aa16cbb0550a34d0625d1d23c5b1a76e92a58d01e                                                                1.6s
 => => sha256:8c7b7fcf5c89c942fb10456816260db80cc317f6c85f38ffd62f3531e2241607 251B / 251B                                                             161.4s
 => => extracting sha256:95b894d63c771a6056bc65ff25192b251413259ba7d160b0076f0f5d7975dc39                                                                0.4s
 => => extracting sha256:cb5594266b1bacf9ad6855b00d9c5c98e721001eb115218eda673e548e04fdbf                                                                1.9s
 => => extracting sha256:59d4884f85282b9a352dbcedf2cccd073a63e60b151be84375ce9279dec1c553                                                                4.5s
 => => extracting sha256:d2dab3c2913ca682e3b3db9b8b7a031d807fbce120cb27a636135f0478a4c9e7                                                                0.2s
 => => extracting sha256:19c44926628f426de69d9e5c4826273d528272a5e1af98c892ac5b338b8abc63                                                                0.6s
 => => extracting sha256:8c7b7fcf5c89c942fb10456816260db80cc317f6c85f38ffd62f3531e2241607                                                                0.0s
 => [internal] load build context                                                                                                                        0.0s
 => => transferring context: 132B                                                                                                                        0.0s
 => [auth] library/python:pull token for registry-1.docker.io                                                                                            0.0s
 => [2/4] WORKDIR /app                                                                                                                                   0.4s
 => [3/4] COPY . .                                                                                                                                       0.0s
 => ERROR [4/4] RUN pip install -r requirements.txt                                                                                                      1.7s
------
 > [4/4] RUN pip install -r requirements.txt:
1.623
1.623 [notice] A new release of pip is available: 24.2 -> 24.3.1
1.623 [notice] To update, run: pip install --upgrade pip
1.623 ERROR: Could not open requirements file: [Errno 2] No such file or directory: 'requirements.txt'
------
dockerfile:11
--------------------
   9 |
  10 |     # Install dependencies (Flask in this case)
  11 | >>> RUN pip install -r requirements.txt
  12 |
  13 |     # Expose the port that the app will run on
--------------------
ERROR: failed to solve: process "/bin/sh -c pip install -r requirements.txt" did not complete successfully: exit code: 1

View build details: docker-desktop://dashboard/build/desktop-linux/desktop-linux/wh52qv58lbzbyho3yi7n24w7k
lehieu@Les-MacBook-Pro python-app % docker build -t python-app .
[+] Building 2.2s (9/9) FINISHED                                                                                                         docker:desktop-linux
 => [internal] load build definition from dockerfile                                                                                                     0.0s
 => => transferring dockerfile: 359B                                                                                                                     0.0s
 => [internal] load metadata for docker.io/library/python:latest                                                                                         2.1s
 => [auth] library/python:pull token for registry-1.docker.io                                                                                            0.0s
 => [internal] load .dockerignore                                                                                                                        0.0s
 => => transferring context: 2B                                                                                                                          0.0s
 => [1/3] FROM docker.io/library/python:latest@sha256:5b5dd1a0950084ef399eae9ec6210b30a7f1b5389c95aa3f64759fba4d2b3a24                                   0.0s
 => [internal] load build context                                                                                                                        0.0s
 => => transferring context: 426B                                                                                                                        0.0s
 => CACHED [2/3] WORKDIR /app                                                                                                                            0.0s
 => [3/3] COPY . .                                                                                                                                       0.0s
 => exporting to image                                                                                                                                   0.0s
 => => exporting layers                                                                                                                                  0.0s
 => => writing image sha256:eb9a71c457a7b8dc58bfca06a7954830bf1c11c76c3231fbb746700a26609b60                                                             0.0s
 => => naming to docker.io/library/python-app                                                                                                            0.0s

View build details: docker-desktop://dashboard/build/desktop-linux/desktop-linux/upgu6jkijtdekhl3fxr4fu25f

What's next:
    View a summary of image vulnerabilities and recommendations → docker scout quickview
lehieu@Les-MacBook-Pro python-app % docker run -d -p 5000:5000 python-app
ee06586a973235a4b67f4aeebe21a7c63b85069deccd863318aca488fad888f4
docker: Error response from daemon: Ports are not available: exposing port TCP 0.0.0.0:5000 -> 0.0.0.0:0: listen tcp4 0.0.0.0:5000: bind: address already in use.
lehieu@Les-MacBook-Pro python-app % docker run -d -p 5001:5001 python-app
7a14f016cd8fb1422c34ac846fb0b786baceb3b457a9226b63964635f89a4264
lehieu@Les-MacBook-Pro python-app % docker images
REPOSITORY                              TAG                IMAGE ID       CREATED              SIZE
python-app                              latest             eb9a71c457a7   About a minute ago   1.02GB
node-app                                latest             470e4f94a402   18 minutes ago       865MB
goal-image                              latest             44e9f7d0d98a   3 days ago           872MB
hello-image                             latest             ea89c86fa92e   4 days ago           865MB
public.ecr.aws/supabase/studio          20241106-f29003e   7e36aff11700   5 days ago           692MB
public.ecr.aws/supabase/edge-runtime    v1.61.0            a5ce91947797   7 days ago           631MB
public.ecr.aws/supabase/gotrue          v2.163.2           861c8b9e6fc2   2 weeks ago          45.5MB
public.ecr.aws/supabase/postgres-meta   v0.84.2            b8655f4b182c   3 weeks ago          352MB
public.ecr.aws/supabase/storage-api     v1.11.13           8a1af72634a9   4 weeks ago          478MB
public.ecr.aws/supabase/realtime        v2.30.34           2b0b74db6d56   2 months ago         206MB
public.ecr.aws/supabase/postgres        15.1.1.78          cc555cbbe281   3 months ago         1.17GB
public.ecr.aws/supabase/postgrest       v12.2.0            7bb9e110af3f   5 months ago         322MB
public.ecr.aws/supabase/kong            2.8.1              a5957d67fc55   2 years ago          149MB
public.ecr.aws/supabase/imgproxy        v3.8.0             696a5c233e29   2 years ago          162MB
public.ecr.aws/supabase/inbucket        3.0.3              e50d7c2197ff   2 years ago          25.1MB
lehieu@Les-MacBook-Pro python-app % docker ps -a
CONTAINER ID   IMAGE         COMMAND                  CREATED          STATUS                      PORTS                    NAMES
7a14f016cd8f   python-app    "python bmi.py"          11 seconds ago   Exited (1) 11 seconds ago                            hopeful_haslett
ee06586a9732   python-app    "python bmi.py"          40 seconds ago   Created                                              heuristic_satoshi
66f0394a9bad   node-app      "docker-entrypoint.s…"   17 minutes ago   Up 17 minutes               0.0.0.0:3000->3000/tcp   intelligent_chaplygin
9085692decea   goal-image    "docker-entrypoint.s…"   3 days ago       Exited (137) 3 days ago                              goal-app
cc354b80495f   hello-image   "docker-entrypoint.s…"   4 days ago       Exited (137) 4 days ago                              hello-app
lehieu@Les-MacBook-Pro python-app % docker ps -a
CONTAINER ID   IMAGE         COMMAND                  CREATED              STATUS                      PORTS                    NAMES
7a14f016cd8f   python-app    "python bmi.py"          38 seconds ago       Exited (1) 38 seconds ago                            hopeful_haslett
ee06586a9732   python-app    "python bmi.py"          About a minute ago   Created                                              heuristic_satoshi
66f0394a9bad   node-app      "docker-entrypoint.s…"   17 minutes ago       Up 17 minutes               0.0.0.0:3000->3000/tcp   intelligent_chaplygin
9085692decea   goal-image    "docker-entrypoint.s…"   3 days ago           Exited (137) 3 days ago                              goal-app
cc354b80495f   hello-image   "docker-entrypoint.s…"   4 days ago           Exited (137) 4 days ago                              hello-app
lehieu@Les-MacBook-Pro python-app % docker rm ee06586a9732
ee06586a9732
lehieu@Les-MacBook-Pro python-app % docker ps -a
CONTAINER ID   IMAGE         COMMAND                  CREATED          STATUS                     PORTS                    NAMES
7a14f016cd8f   python-app    "python bmi.py"          2 minutes ago    Exited (1) 2 minutes ago                            hopeful_haslett
66f0394a9bad   node-app      "docker-entrypoint.s…"   19 minutes ago   Up 19 minutes              0.0.0.0:3000->3000/tcp   intelligent_chaplygin
9085692decea   goal-image    "docker-entrypoint.s…"   3 days ago       Exited (137) 3 days ago                             goal-app
cc354b80495f   hello-image   "docker-entrypoint.s…"   4 days ago       Exited (137) 4 days ago                             hello-app
lehieu@Les-MacBook-Pro python-app % docker start 7a14f016cd8f
7a14f016cd8f
lehieu@Les-MacBook-Pro python-app % docker run -it python-app
(1) Metric (m, kg) or (2) Non-Metric (ft, pounds)?
Please choose: 1
Please enter your height in meters
Your height: 1.62
Please enter your weight in kilograms
Your weight: 44
Your body-mass-index: 16.76573693034598
lehieu@Les-MacBook-Pro python-app % docker ps -a
CONTAINER ID   IMAGE         COMMAND                  CREATED          STATUS                          PORTS                    NAMES
6ec513d33e94   python-app    "python bmi.py"          44 seconds ago   Exited (0) 15 seconds ago                                quirky_jennings
7a14f016cd8f   python-app    "python bmi.py"          4 minutes ago    Exited (1) About a minute ago                            hopeful_haslett
66f0394a9bad   node-app      "docker-entrypoint.s…"   21 minutes ago   Up 21 minutes                   0.0.0.0:3000->3000/tcp   intelligent_chaplygin
9085692decea   goal-image    "docker-entrypoint.s…"   3 days ago       Exited (137) 3 days ago                                  goal-app
cc354b80495f   hello-image   "docker-entrypoint.s…"   4 days ago       Exited (137) 4 days ago                                  hello-app
lehieu@Les-MacBook-Pro python-app % docker images
REPOSITORY                              TAG                IMAGE ID       CREATED          SIZE
python-app                              latest             eb9a71c457a7   5 minutes ago    1.02GB
node-app                                latest             470e4f94a402   22 minutes ago   865MB
goal-image                              latest             44e9f7d0d98a   3 days ago       872MB
hello-image                             latest             ea89c86fa92e   4 days ago       865MB
public.ecr.aws/supabase/studio          20241106-f29003e   7e36aff11700   5 days ago       692MB
public.ecr.aws/supabase/edge-runtime    v1.61.0            a5ce91947797   7 days ago       631MB
public.ecr.aws/supabase/gotrue          v2.163.2           861c8b9e6fc2   2 weeks ago      45.5MB
public.ecr.aws/supabase/postgres-meta   v0.84.2            b8655f4b182c   3 weeks ago      352MB
public.ecr.aws/supabase/storage-api     v1.11.13           8a1af72634a9   4 weeks ago      478MB
public.ecr.aws/supabase/realtime        v2.30.34           2b0b74db6d56   2 months ago     206MB
public.ecr.aws/supabase/postgres        15.1.1.78          cc555cbbe281   3 months ago     1.17GB
public.ecr.aws/supabase/postgrest       v12.2.0            7bb9e110af3f   5 months ago     322MB
public.ecr.aws/supabase/kong            2.8.1              a5957d67fc55   2 years ago      149MB
public.ecr.aws/supabase/imgproxy        v3.8.0             696a5c233e29   2 years ago      162MB
public.ecr.aws/supabase/inbucket        3.0.3              e50d7c2197ff   2 years ago      25.1MB
lehieu@Les-MacBook-Pro python-app % docker stop 66f0394a9bad
66f0394a9bad
lehieu@Les-MacBook-Pro python-app % docker ps
CONTAINER ID   IMAGE     COMMAND   CREATED   STATUS    PORTS     NAMES
lehieu@Les-MacBook-Pro python-app % docker images
REPOSITORY                              TAG                IMAGE ID       CREATED          SIZE
python-app                              latest             eb9a71c457a7   6 minutes ago    1.02GB
node-app                                latest             470e4f94a402   23 minutes ago   865MB
goal-image                              latest             44e9f7d0d98a   3 days ago       872MB
hello-image                             latest             ea89c86fa92e   4 days ago       865MB
public.ecr.aws/supabase/studio          20241106-f29003e   7e36aff11700   5 days ago       692MB
public.ecr.aws/supabase/edge-runtime    v1.61.0            a5ce91947797   7 days ago       631MB
public.ecr.aws/supabase/gotrue          v2.163.2           861c8b9e6fc2   2 weeks ago      45.5MB
public.ecr.aws/supabase/postgres-meta   v0.84.2            b8655f4b182c   3 weeks ago      352MB
public.ecr.aws/supabase/storage-api     v1.11.13           8a1af72634a9   4 weeks ago      478MB
public.ecr.aws/supabase/realtime        v2.30.34           2b0b74db6d56   2 months ago     206MB
public.ecr.aws/supabase/postgres        15.1.1.78          cc555cbbe281   3 months ago     1.17GB
public.ecr.aws/supabase/postgrest       v12.2.0            7bb9e110af3f   5 months ago     322MB
public.ecr.aws/supabase/kong            2.8.1              a5957d67fc55   2 years ago      149MB
public.ecr.aws/supabase/imgproxy        v3.8.0             696a5c233e29   2 years ago      162MB
public.ecr.aws/supabase/inbucket        3.0.3              e50d7c2197ff   2 years ago      25.1MB
lehieu@Les-MacBook-Pro python-app % docker ps -a
CONTAINER ID   IMAGE         COMMAND                  CREATED          STATUS                          PORTS     NAMES
6ec513d33e94   python-app    "python bmi.py"          2 minutes ago    Exited (0) About a minute ago             quirky_jennings
7a14f016cd8f   python-app    "python bmi.py"          5 minutes ago    Exited (1) 2 minutes ago                  hopeful_haslett
66f0394a9bad   node-app      "docker-entrypoint.s…"   22 minutes ago   Exited (137) 26 seconds ago               intelligent_chaplygin
9085692decea   goal-image    "docker-entrypoint.s…"   3 days ago       Exited (137) 3 days ago                   goal-app
cc354b80495f   hello-image   "docker-entrypoint.s…"   4 days ago       Exited (137) 4 days ago                   hello-app
lehieu@Les-MacBook-Pro python-app % docker rm 7a14f016cd8f
7a14f016cd8f
lehieu@Les-MacBook-Pro python-app % docker stop $(docker ps -q)

"docker stop" requires at least 1 argument.
See 'docker stop --help'.

Usage:  docker stop [OPTIONS] CONTAINER [CONTAINER...]

Stop one or more running containers
lehieu@Les-MacBook-Pro python-app % docker ps -a
CONTAINER ID   IMAGE         COMMAND                  CREATED          STATUS                        PORTS     NAMES
6ec513d33e94   python-app    "python bmi.py"          5 minutes ago    Exited (0) 4 minutes ago                quirky_jennings
66f0394a9bad   node-app      "docker-entrypoint.s…"   25 minutes ago   Exited (137) 14 seconds ago             intelligent_chaplygin
9085692decea   goal-image    "docker-entrypoint.s…"   3 days ago       Exited (137) 3 days ago                 goal-app
cc354b80495f   hello-image   "docker-entrypoint.s…"   4 days ago       Exited (137) 4 days ago                 hello-app
lehieu@Les-MacBook-Pro python-app % docker start -ti 6ec513d33e94 66f0394a9bad
unknown shorthand flag: 't' in -ti
See 'docker start --help'.
lehieu@Les-MacBook-Pro python-app % docker start  6ec513d33e94 66f0394a9bad
6ec513d33e94
66f0394a9bad
lehieu@Les-MacBook-Pro python-app % for /f % in ('docker ps -q') do docker stop %i
zsh: parse error near `/f'
lehieu@Les-MacBook-Pro python-app % docker stop $(docker ps -q)
6ec513d33e94
66f0394a9bad
lehieu@Les-MacBook-Pro python-app % docker ps -q
lehieu@Les-MacBook-Pro python-app % docker ps -a
CONTAINER ID   IMAGE         COMMAND                  CREATED          STATUS                        PORTS     NAMES
6ec513d33e94   python-app    "python bmi.py"          7 minutes ago    Exited (137) 11 seconds ago             quirky_jennings
66f0394a9bad   node-app      "docker-entrypoint.s…"   27 minutes ago   Exited (137) 11 seconds ago             intelligent_chaplygin
9085692decea   goal-image    "docker-entrypoint.s…"   3 days ago       Exited (137) 3 days ago                 goal-app
cc354b80495f   hello-image   "docker-entrypoint.s…"   4 days ago       Exited (137) 4 days ago                 hello-app
lehieu@Les-MacBook-Pro python-app % docker ps
CONTAINER ID   IMAGE     COMMAND   CREATED   STATUS    PORTS     NAMES
lehieu@Les-MacBook-Pro python-app % docker rm $(docker ps -a -q)
6ec513d33e94
66f0394a9bad
9085692decea
cc354b80495f
lehieu@Les-MacBook-Pro python-app % docker ps -a
CONTAINER ID   IMAGE     COMMAND   CREATED   STATUS    PORTS     NAMES
lehieu@Les-MacBook-Pro python-app % cd ..
lehieu@Les-MacBook-Pro docker % docker ps -a
CONTAINER ID   IMAGE     COMMAND   CREATED   STATUS    PORTS     NAMES
lehieu@Les-MacBook-Pro docker % docker images
REPOSITORY                              TAG                IMAGE ID       CREATED          SIZE
python-app                              latest             eb9a71c457a7   14 minutes ago   1.02GB
node-app                                latest             470e4f94a402   31 minutes ago   865MB
goal-image                              latest             44e9f7d0d98a   3 days ago       872MB
hello-image                             latest             ea89c86fa92e   4 days ago       865MB
public.ecr.aws/supabase/studio          20241106-f29003e   7e36aff11700   5 days ago       692MB
public.ecr.aws/supabase/edge-runtime    v1.61.0            a5ce91947797   7 days ago       631MB
public.ecr.aws/supabase/gotrue          v2.163.2           861c8b9e6fc2   2 weeks ago      45.5MB
public.ecr.aws/supabase/postgres-meta   v0.84.2            b8655f4b182c   3 weeks ago      352MB
public.ecr.aws/supabase/storage-api     v1.11.13           8a1af72634a9   4 weeks ago      478MB
public.ecr.aws/supabase/realtime        v2.30.34           2b0b74db6d56   2 months ago     206MB
public.ecr.aws/supabase/postgres        15.1.1.78          cc555cbbe281   3 months ago     1.17GB
public.ecr.aws/supabase/postgrest       v12.2.0            7bb9e110af3f   5 months ago     322MB
public.ecr.aws/supabase/kong            2.8.1              a5957d67fc55   2 years ago      149MB
public.ecr.aws/supabase/imgproxy        v3.8.0             696a5c233e29   2 years ago      162MB
public.ecr.aws/supabase/inbucket        3.0.3              e50d7c2197ff   2 years ago      25.1MB
lehieu@Les-MacBook-Pro docker % docker run -d -p 5000:5000 --name python-app-container python-app
47b59f12fb4610dcac2528dc6e3bf894ac63a6082cf32453017fccaa261291ea
docker: Error response from daemon: Ports are not available: exposing port TCP 0.0.0.0:5000 -> 0.0.0.0:0: listen tcp4 0.0.0.0:5000: bind: address already in use.
lehieu@Les-MacBook-Pro docker % docker ps -a
CONTAINER ID   IMAGE        COMMAND           CREATED          STATUS    PORTS     NAMES
47b59f12fb46   python-app   "python bmi.py"   22 seconds ago   Created             python-app-container
lehieu@Les-MacBook-Pro docker % docker rm $(docker ps -a -q)
47b59f12fb46
lehieu@Les-MacBook-Pro docker % docker run -d -p 5001:5001 --name python-app-container python-app
3df83b81b30db23e56a6f8e65dbada509d7e7556e9608ed82cdae535f41bb6a0
lehieu@Les-MacBook-Pro docker % docker run -d -p 3000:3000 --name node-app-container node-app
ff7f4cfeacc072135708aa18d1e4ea31bd3807129d283627f188f59eb2b347f8
lehieu@Les-MacBook-Pro docker % docker ps -a
CONTAINER ID   IMAGE        COMMAND                  CREATED          STATUS                      PORTS                    NAMES
ff7f4cfeacc0   node-app     "docker-entrypoint.s…"   5 seconds ago    Up 4 seconds                0.0.0.0:3000->3000/tcp   node-app-container
3df83b81b30d   python-app   "python bmi.py"          29 seconds ago   Exited (1) 28 seconds ago                            python-app-container
lehieu@Les-MacBook-Pro docker % docker stop node-app-container
node-app-container
lehieu@Les-MacBook-Pro docker % docker stop python-app-container
python-app-container
lehieu@Les-MacBook-Pro docker % docker ps -a
CONTAINER ID   IMAGE        COMMAND                  CREATED              STATUS                          PORTS     NAMES
ff7f4cfeacc0   node-app     "docker-entrypoint.s…"   About a minute ago   Exited (137) 16 seconds ago               node-app-container
3df83b81b30d   python-app   "python bmi.py"          About a minute ago   Exited (1) About a minute ago             python-app-container
lehieu@Les-MacBook-Pro docker % docker ps -q
lehieu@Les-MacBook-Pro docker % docker start node-app-container python-app-container
node-app-container
python-app-container
lehieu@Les-MacBook-Pro docker % docker ps -q
ff7f4cfeacc0
lehieu@Les-MacBook-Pro docker % docker ps -a
CONTAINER ID   IMAGE        COMMAND                  CREATED              STATUS                      PORTS                    NAMES
ff7f4cfeacc0   node-app     "docker-entrypoint.s…"   About a minute ago   Up 11 seconds               0.0.0.0:3000->3000/tcp   node-app-container
3df83b81b30d   python-app   "python bmi.py"          2 minutes ago        Exited (1) 11 seconds ago                            python-app-container
lehieu@Les-MacBook-Pro docker % docker stop $(docker ps -q)
ff7f4cfeacc0
lehieu@Les-MacBook-Pro docker % docker ps
CONTAINER ID   IMAGE     COMMAND   CREATED   STATUS    PORTS     NAMES
lehieu@Les-MacBook-Pro docker % docker container prune
WARNING! This will remove all stopped containers.
Are you sure you want to continue? [y/N] y
Deleted Containers:
ff7f4cfeacc072135708aa18d1e4ea31bd3807129d283627f188f59eb2b347f8
3df83b81b30db23e56a6f8e65dbada509d7e7556e9608ed82cdae535f41bb6a0

Total reclaimed space: 659.1kB
lehieu@Les-MacBook-Pro docker % docker image prune -a
WARNING! This will remove all images without at least one container associated to them.
Are you sure you want to continue? [y/N] y
Deleted Images:
untagged: public.ecr.aws/supabase/edge-runtime:v1.61.0
untagged: public.ecr.aws/supabase/edge-runtime@sha256:809d51481499b233ec6be7f842a5f74bb0fa4a58cb894164cf4ff0af222a82ee
deleted: sha256:a5ce919477973ae8bae79ddfd49b3b5c174fe7c5e4cb773184cc8d8383040ac3
deleted: sha256:22b5347a78603a1a2ffab8c4a70ac456c559a2e1c66278b5922f28090dd2f2b7
deleted: sha256:0aa959370f977961cd9c5deda36af02665ef0d447c3baaa2997807b9e7b78c1a
deleted: sha256:6ed9a19b8ad52846884e62f5bbed5be65df7eb82dbc509db4959aecaf23e598a
deleted: sha256:c28d57c00b6158436abb9ee103643c3f666ea1d264adf6ff931a29bd23e22c23
deleted: sha256:44f92f2e26d516e365d597623a696e93dfac653312d0dc01f2617b27e51b4c19
deleted: sha256:9e40c379477f19e821a5fa3bc9bbcf8a60db108a14d1cd08cd637c3622ccfe6a
untagged: public.ecr.aws/supabase/inbucket:3.0.3
untagged: public.ecr.aws/supabase/inbucket@sha256:dc912ab76de647ca2a363fe285515e512e964cf699166773f3c2c73f5e7f71c0
deleted: sha256:e50d7c2197ff536d529815cbc742ee4d891b7d85de8c3a04f4e9b073d9259b09
deleted: sha256:fb8c00d863035646633903593c5036560d96fa3b6bdc699ed85c188dd2d16b9e
deleted: sha256:ba381ad90461275c606ae34422c71ca4dbad062043a403241d8bc4148109ccc3
deleted: sha256:f20a94955f304f909fab6697ccf93141f2feeabf0a7056eeab16ef0e0268b095
deleted: sha256:b327552be35d8e80a7e8560868631c3c863522d9efaaba88314d8507c69a338b
deleted: sha256:8154221dc1079a1aeac84240aa3bf990a3beb5cea4f6505702e1e79138c814c1
deleted: sha256:2188e229d24168a19467ad070557026defff95677e161ef3b96dd1a09c17b78d
deleted: sha256:8e2df713f3de5130fc99a08d2e1b2103c8bd10b653954ecfb3ebcf928c4bd31a
deleted: sha256:5b7df235d876e8cd4a2a329ae786db3fb152eff939f88379c49bcaaabbafbd9c
untagged: goal-image:latest
deleted: sha256:44e9f7d0d98a22419c533d3fe17c67913b6b27f9cc95e0c2b76a5315152969a6
untagged: public.ecr.aws/supabase/postgres:15.1.1.78
untagged: public.ecr.aws/supabase/postgres@sha256:881ac26a02870c6784d9fbec67a6a9c5026905216bbd7dfbfa289ecc48073387
deleted: sha256:cc555cbbe281c6e7ef014048f41f0fdaaf6553f9ef58d1a09d25542b7d7099f5
deleted: sha256:aa64c450604536eb074eb0af13a5715c434851b833d04451eaf7baeddd968877
deleted: sha256:22abb3bc0053407197904b7d024672ff01d6991edb2a920fecfe868e08deab1e
deleted: sha256:ed26f19005c53ac9c983181c53bab5eb797445dda44d16d4e040cd6f9a30d5a5
deleted: sha256:44d9765694e19df5b61a3f956be71f64b4c5d262dcfb06dd4ab970bb6cb6aba0
deleted: sha256:c66b5367ac83a4b37b5323810eda4ac3a03dff48567e44c888b45504b1668677
deleted: sha256:fd7265c383a0ac51a0b2dd45a74baff56340748b86e50400be5bce5417b6132e
deleted: sha256:59b6f2cefae947d899395d7d48b6f954b70e328bdd26f6142ca9829ddbabb7b1
deleted: sha256:86861196f642beadade11ff0c2844e956f75c365835e23633f1279ed9bcfa9b7
deleted: sha256:476a033e0560f293d1ac456b5b4a8ad06a5ae35e7013f0173e33f04b27badd11
deleted: sha256:e1752311d35bda3c4dcaa354b36b4832db6c365e5ce1b35e8890865e03ef4813
deleted: sha256:2a9e787a8361218c1fa934aa1d227a58d31a468eda60c6b35010af6c853375ed
deleted: sha256:7e352227ffc9a87aaf12d4954923bf1f2532be23e78882013917079620204682
deleted: sha256:fa96fa518270b4ed4f188b5fcec3bddb249b576ced75c6f62d235b4a01af1cc1
deleted: sha256:3316b249469e3917ceffcb04a15de518fcd5770a6529b5d8e87d0798a73d2c99
deleted: sha256:6c44c46a15f3a9891d9dec4d1f4c8e9a3978d3565b1d31ae6eab76137dba2dad
deleted: sha256:5e1aa8b58ed404c15f5c682d8d0033f99a0b239758879b9d1c9885663a8fc2cc
deleted: sha256:761d35dda6ced8479f06e6d30374c55061ebe030d608b0dd3064f7f801463a77
deleted: sha256:f3ce4ff8bbd359f25fcae56949aeb016f33142a956db525886e44089bda19390
deleted: sha256:6b017bdfad18822a9b8f7ea3b1675910a223aafd040340867d019b862b852426
deleted: sha256:a03720ed265f751e8b0b54cbd26275aa758d3ef86629eec6b555f8550857faf5
deleted: sha256:8267f12b3859e9ac5d44b6c2aa67acf429a3f289f4db33345033e3c80ec71a72
deleted: sha256:fe456c3705ede1a83c1824772b79634744e8a1298502cf3fe810172c734e8e43
deleted: sha256:75036070682c2512f4616d7c52ee2498e8400f03119ca3e926473de7afd9e27f
deleted: sha256:a8c68591d421fc2d4bdda704f67a796edf5ff880c59358d75107eb5261821650
untagged: public.ecr.aws/supabase/postgrest:v12.2.0
untagged: public.ecr.aws/supabase/postgrest@sha256:2cf1efd2c9c2e7606610c113cc73e936d8ce9ba089271cb9cbf11aa564bc30c7
deleted: sha256:7bb9e110af3fc25f2ae40524478623f3fba73c68694365b9ece29e8a32c5af62
deleted: sha256:08f777d1b644a2e49015d3f797e84140f3b9ee20a1f57b0e237f6554d1e6046d
deleted: sha256:69b0afc713ccc816650c6540a6f4a311b521f2578dc6c8ee4ed4b7d9788ae1fd
deleted: sha256:03fdf04efd9e8117f277abeef88a9d51d45c154bfa042591f85656e8ffccc141
untagged: public.ecr.aws/supabase/storage-api:v1.11.13
untagged: public.ecr.aws/supabase/storage-api@sha256:1e85dad48e8b3e85890a555e5114dc7ee48c2e8be4cfd97dd4e3564b4f104fcd
deleted: sha256:8a1af72634a9a9d9d368c70507815c5b6eda4a95f507c5ac99aa7f1211c2b9d6
deleted: sha256:ef2bbec23d011326d5d6581aa304ae30b5c1b9face79031277fd228ac7850af1
deleted: sha256:a202153d2e54bd681baeb140926e0ea077b70416ffe6008213379fac242cb5a5
deleted: sha256:9deadcb93d5ea67260f8fd989e4c0167598787dfaba6a18af6aba406776ad785
deleted: sha256:bca2a986f033160e41da7c30336fdad2cba985ef5ce95b84a24cd6ef68fce2dd
deleted: sha256:2df2003d399c5dce546d306d0ea53eb61b1a7f3a28213457d973be01da9c826d
deleted: sha256:a0617ac645110d048ff703e6f138d4c95132caf290f625b2a90f0b00d8713e84
deleted: sha256:73436f551e6dd48646e1e97c05a4784d44a4006120f656ed9b279b86770257ce
deleted: sha256:bb5e62a73d4534e402d0d40a310aa9463ee9ca3bc1d32174aef3986c877cb8df
deleted: sha256:ca90f1f834adae4603f7805631559b2b654c6eb68044464ac9a930f52b6c541a
untagged: hello-image:latest
deleted: sha256:ea89c86fa92e0930ea09fc1f75099c38789e0dce15906a77865f8a0cc1e175ed
untagged: public.ecr.aws/supabase/realtime:v2.30.34
untagged: public.ecr.aws/supabase/realtime@sha256:f43c080c74915340687727a34b21ae9cacc5ac21380d05b61efebeca6fd7ca4f
deleted: sha256:2b0b74db6d56339ca9e7a94fb1c73af390a1de618ee72c27e0d1c6c8187fff1f
deleted: sha256:708f2da0f0d9a2602d1cf39d66ce4d0e3feb24be969d2f48d514e76aab34a5c9
deleted: sha256:a61b509f6201e184627275a6832caecfdd5afaeba43e26425d7d788ebe730955
deleted: sha256:098e106ca347277ed0e882d8762b09eaf9d4337a2d755153e496fcf144b2847e
deleted: sha256:2ab0f0e51de088db779174a1d9ed47eb7115604f312441aa5f0d84e6a00aac18
deleted: sha256:69e603f9a58cc7430cbd9db9945d0bdc5fa2686f3eaee80758b076ecf7c71e27
deleted: sha256:0af638d67aa558f0960787b84deb05ff1e2c3a633e0cddd9043117f1d004527d
deleted: sha256:b533c686323117e5a75f370d85b180461d71810f15b8f4f391c4a0315ea4143b
deleted: sha256:2bd1a2222589b50b52ff960c3d004829633df61532e7a670a91618cd775f2d47
untagged: python-app:latest
deleted: sha256:eb9a71c457a7b8dc58bfca06a7954830bf1c11c76c3231fbb746700a26609b60
untagged: public.ecr.aws/supabase/imgproxy:v3.8.0
untagged: public.ecr.aws/supabase/imgproxy@sha256:0facd355d50f3be665ebe674486f2b2e9cdaebd3f74404acd9b7fece2f661435
deleted: sha256:696a5c233e29165b01ba3a93ae5eceb67be624d5deaa9ed259683beb94f55102
deleted: sha256:407577d084eebfd2f7603b15ac9d2e878ddf8cac33bf5cb07056d577e918b2b7
deleted: sha256:6aa114f583a9fc43f6a45a1d5acf7d5d6c5905f2128154f6177db78a12966e87
deleted: sha256:bdb0ff833d73f76fce8b58c7793365d4b9804f16cca95ab37abc4d25538e3b31
deleted: sha256:ff158763365ed54efa1c7c584cb59bfbdbdd7ef01ebb63f8cad9854c2b9ef887
deleted: sha256:a1c0d5cead8539f5efd87e0b00a8ca5f7541da10feea7778b3de7dea8a2b817a
deleted: sha256:c75eaa0eefd3c60b86bed7b8e234f032b2234382d113a6125c40c553146271fe
untagged: public.ecr.aws/supabase/studio:20241106-f29003e
untagged: public.ecr.aws/supabase/studio@sha256:e5cf72d1ccd858ab0404e4b9381ea6decb1cb3d72dc5be496c6a73c157a042c7
deleted: sha256:7e36aff11700753362cc49ef38ab368370f419ec8405348f69509dc5cb85f84f
deleted: sha256:ba8a58ce6abfe97f455f0d875276a5b816a35637965806236500a8799b597983
deleted: sha256:41ef8fac9195407cbceca057b207fd95834106db202fdcc640529b13c9fc4fff
deleted: sha256:7cae5972c8547142a9262f1ba89359cce0aa1abb000310ac761ca5375543e3c1
deleted: sha256:c719c0fc2542779fce9a6379cafe03f6b69a333ed10e3f1c1969d49c076c7b80
deleted: sha256:b42954b7c8b2cba7570800941efd2f2351304394ce930b45312e45a2b5d7fed2
untagged: public.ecr.aws/supabase/postgres-meta:v0.84.2
untagged: public.ecr.aws/supabase/postgres-meta@sha256:d0a96973e9f1b6303f7500421a459af3d7273b3f9f1db38610899f9f573da7c7
deleted: sha256:b8655f4b182ce413ff3462472f63994d573e8fcbd1270c650f4b24e91e5a83b7
deleted: sha256:e1de6237b354d1734d07c1eed7e244261062d907856299572fe27b5af0894b55
deleted: sha256:aaf92212a929ba04e4acdef88b822256384fc6c7572d35f97621d8e9cf30b80d
deleted: sha256:680034684ed93732e61cebb529004173901daa8a5ad14871441fa5ff2fca2f42
deleted: sha256:fa6dde92b4ee175d42b0c9f4bdbe35df81c990fae1260714111bd96420ea3cd7
deleted: sha256:3defb4b8cd1004d25420420d5c4e44df2dc188d0a7cc346a293704da5cfde137
deleted: sha256:a63f91af056017554c62019d81a8d21921a53791f3db7ad1e0b43c6da24bec62
deleted: sha256:0a09d95ddf4fb566d0b76718b158d0eceb47948afd18cfdf89ba92f162b1f332
deleted: sha256:f437484083ce9eba0e000c10e0cd9a0ee52adc158c8c5c15afd26b35407ccb33
deleted: sha256:be41006b101c99f0b155bd5d1939956dd625f5c79a3306513570002455f291b2
deleted: sha256:f0f039847c0897e41273775d599cc761049c809342ff8362efb4caf561186ada
untagged: public.ecr.aws/supabase/kong:2.8.1
untagged: public.ecr.aws/supabase/kong@sha256:1b53405d8680a09d6f44494b7990bf7da2ea43f84a258c59717d4539abf09f6d
deleted: sha256:a5957d67fc55af3d11bdbd87de76f7480e3c4d8bcb715d6cfd01922780f46ea9
deleted: sha256:76be0defb992cc7bf80cfec25c6f4abd7f84d07f4f364cf84a99eacda3ea8848
deleted: sha256:8f10b5ff0a69ecff27cb4a9c2ef506255aa30accdfaf45121b75bd53f43ee21e
deleted: sha256:2c2ab91a0cb62e4fbedd3e226ecb774499e0f975f885cda4a2f28008c3b8e764
deleted: sha256:5d3e392a13a0fdfbf8806cb4a5e4b0a92b5021103a146249d8a2c999f06a9772
untagged: node-app:latest
deleted: sha256:470e4f94a4027afe5061eaf57772caeea6054da26205227945edf79dbbca80f7
untagged: public.ecr.aws/supabase/gotrue:v2.163.2
untagged: public.ecr.aws/supabase/gotrue@sha256:9b27ddb75b3b926af49e817d8268cc28ab78fc473fa3f8c348a4b33b8d90d54d
deleted: sha256:861c8b9e6fc2b3e5fbf78decfdf7c705dea7bb4985595a24ae19a0658b62f86e
deleted: sha256:e1d45397db97fedff11337ae21da862040ac3bd56b3d7494a32af11e5210963b
deleted: sha256:6bed95d552514a7e2faccc53216a22bd07e1b24e4bab815579f42e007696e9f0
deleted: sha256:74c33ec35d8def4a22961f9dfff159470f2f93fc3014d0cee279ef6ba21fb4d3
deleted: sha256:ab7cb2ebc5e05f4787bdb2aabb580d05c326fcdeac993eaacb31f4f0642beb17
deleted: sha256:108b943e9c1b3b5e777b0c622d6a29f9d28422c3cebb8ef966807a3fe223c106
deleted: sha256:16113d51b7181f20135f51e8ffbaead20a7671cd783017601f198748ce8a8ebf

Total reclaimed space: 3.906GB
lehieu@Les-MacBook-Pro docker % docker images
REPOSITORY   TAG       IMAGE ID   CREATED   SIZE
lehieu@Les-MacBook-Pro docker % cd node-app
lehieu@Les-MacBook-Pro node-app % docker build -t .
ERROR: "docker buildx build" requires exactly 1 argument.
See 'docker buildx build --help'.

Usage:  docker buildx build [OPTIONS] PATH | URL | -

Start a build
lehieu@Les-MacBook-Pro node-app % docker images
REPOSITORY   TAG       IMAGE ID   CREATED   SIZE
lehieu@Les-MacBook-Pro node-app % docker build .
[+] Building 5.4s (11/11) FINISHED                                                                                                       docker:desktop-linux
 => [internal] load build definition from dockerfile                                                                                                     0.0s
 => => transferring dockerfile: 465B                                                                                                                     0.0s
 => [internal] load metadata for docker.io/library/node:14                                                                                               5.3s
 => [auth] library/node:pull token for registry-1.docker.io                                                                                              0.0s
 => [internal] load .dockerignore                                                                                                                        0.0s
 => => transferring context: 2B                                                                                                                          0.0s
 => [1/5] FROM docker.io/library/node:14@sha256:a158d3b9b4e3fa813fa6c8c590b8f0a860e015ad4e59bbce5744d2f6fd8461aa                                         0.0s
 => [internal] load build context                                                                                                                        0.0s
 => => transferring context: 59.59kB                                                                                                                     0.0s
 => CACHED [2/5] WORKDIR /app                                                                                                                            0.0s
 => CACHED [3/5] COPY package*.json ./                                                                                                                   0.0s
 => CACHED [4/5] RUN npm install                                                                                                                         0.0s
 => CACHED [5/5] COPY . .                                                                                                                                0.0s
 => exporting to image                                                                                                                                   0.0s
 => => exporting layers                                                                                                                                  0.0s
 => => writing image sha256:470e4f94a4027afe5061eaf57772caeea6054da26205227945edf79dbbca80f7                                                             0.0s

View build details: docker-desktop://dashboard/build/desktop-linux/desktop-linux/y1reg3b215690mcdg6ufukuls

What's next:
    View a summary of image vulnerabilities and recommendations → docker scout quickview
lehieu@Les-MacBook-Pro node-app % cd ..
lehieu@Les-MacBook-Pro docker % cd python-app
lehieu@Les-MacBook-Pro python-app % docker build t
[+] Building 0.0s (0/0)                                                                                                                  docker:desktop-linux
ERROR: unable to prepare context: path "t" not found
lehieu@Les-MacBook-Pro python-app % docker build .
[+] Building 2.5s (9/9) FINISHED                                                                                                         docker:desktop-linux
 => [internal] load build definition from dockerfile                                                                                                     0.0s
 => => transferring dockerfile: 359B                                                                                                                     0.0s
 => [internal] load metadata for docker.io/library/python:latest                                                                                         2.4s
 => [auth] library/python:pull token for registry-1.docker.io                                                                                            0.0s
 => [internal] load .dockerignore                                                                                                                        0.0s
 => => transferring context: 2B                                                                                                                          0.0s
 => [1/3] FROM docker.io/library/python:latest@sha256:5b5dd1a0950084ef399eae9ec6210b30a7f1b5389c95aa3f64759fba4d2b3a24                                   0.0s
 => [internal] load build context                                                                                                                        0.0s
 => => transferring context: 132B                                                                                                                        0.0s
 => CACHED [2/3] WORKDIR /app                                                                                                                            0.0s
 => CACHED [3/3] COPY . .                                                                                                                                0.0s
 => exporting to image                                                                                                                                   0.0s
 => => exporting layers                                                                                                                                  0.0s
 => => writing image sha256:eb9a71c457a7b8dc58bfca06a7954830bf1c11c76c3231fbb746700a26609b60                                                             0.0s

View build details: docker-desktop://dashboard/build/desktop-linux/desktop-linux/c4ndkjzbqslryx1tqco9dt45u

What's next:
    View a summary of image vulnerabilities and recommendations → docker scout quickview
lehieu@Les-MacBook-Pro python-app % cd ..
lehieu@Les-MacBook-Pro docker % docker images
REPOSITORY   TAG       IMAGE ID       CREATED          SIZE
<none>       <none>    eb9a71c457a7   26 minutes ago   1.02GB
<none>       <none>    470e4f94a402   43 minutes ago   865MB
lehieu@Les-MacBook-Pro docker % docker images
REPOSITORY   TAG       IMAGE ID       CREATED          SIZE
<none>       <none>    eb9a71c457a7   26 minutes ago   1.02GB
<none>       <none>    470e4f94a402   43 minutes ago   865MB
lehieu@Les-MacBook-Pro docker % docker images
REPOSITORY   TAG       IMAGE ID       CREATED          SIZE
<none>       <none>    eb9a71c457a7   26 minutes ago   1.02GB
<none>       <none>    470e4f94a402   43 minutes ago   865MB
lehieu@Les-MacBook-Pro docker % docker rmi eb9a71c457a7
Deleted: sha256:eb9a71c457a7b8dc58bfca06a7954830bf1c11c76c3231fbb746700a26609b60
lehieu@Les-MacBook-Pro docker % docker rmi 470e4f94a402
Deleted: sha256:470e4f94a4027afe5061eaf57772caeea6054da26205227945edf79dbbca80f7
lehieu@Les-MacBook-Pro docker % docker images
REPOSITORY   TAG       IMAGE ID   CREATED   SIZE
lehieu@Les-MacBook-Pro docker % docker build --help
Start a build

Usage:  docker buildx build [OPTIONS] PATH | URL | -

Start a build

Aliases:
  docker build, docker builder build, docker image build, docker buildx b

Options:
      --add-host strings              Add a custom host-to-IP mapping (format: "host:ip")
      --allow strings                 Allow extra privileged entitlement (e.g., "network.host", "security.insecure")
      --annotation stringArray        Add annotation to the image
      --attest stringArray            Attestation parameters (format: "type=sbom,generator=image")
      --build-arg stringArray         Set build-time variables
      --build-context stringArray     Additional build contexts (e.g., name=path)
      --builder string                Override the configured builder instance (default "desktop-linux")
      --cache-from stringArray        External cache sources (e.g., "user/app:cache", "type=local,src=path/to/dir")
      --cache-to stringArray          Cache export destinations (e.g., "user/app:cache", "type=local,dest=path/to/dir")
      --call string                   Set method for evaluating build ("check", "outline", "targets") (default "build")
      --cgroup-parent string          Set the parent cgroup for the "RUN" instructions during build
      --check                         Shorthand for "--call=check" (default )
  -D, --debug                         Enable debug logging
  -f, --file string                   Name of the Dockerfile (default: "PATH/Dockerfile")
      --iidfile string                Write the image ID to a file
      --label stringArray             Set metadata for an image
      --load                          Shorthand for "--output=type=docker"
      --metadata-file string          Write build result metadata to a file
      --network string                Set the networking mode for the "RUN" instructions during build (default "default")
      --no-cache                      Do not use cache when building the image
      --no-cache-filter stringArray   Do not cache specified stages
  -o, --output stringArray            Output destination (format: "type=local,dest=path")
      --platform stringArray          Set target platform for build
      --progress string               Set type of progress output ("auto", "plain", "tty", "rawjson"). Use plain to show container output (default "auto")
      --provenance string             Shorthand for "--attest=type=provenance"
      --pull                          Always attempt to pull all referenced images
      --push                          Shorthand for "--output=type=registry"
  -q, --quiet                         Suppress the build output and print image ID on success
      --sbom string                   Shorthand for "--attest=type=sbom"
      --secret stringArray            Secret to expose to the build (format: "id=mysecret[,src=/local/secret]")
      --shm-size bytes                Shared memory size for build containers
      --ssh stringArray               SSH agent socket or keys to expose to the build (format: "default|<id>[=<socket>|<key>[,<key>]]")
  -t, --tag stringArray               Name and optionally a tag (format: "name:tag")
      --target string                 Set the target build stage to build
      --ulimit ulimit                 Ulimit options (default [])

Experimental commands and flags are hidden. Set BUILDX_EXPERIMENTAL=1 to show them.

What's next:
    View a summary of image vulnerabilities and recommendations → docker scout quickview
lehieu@Les-MacBook-Pro docker % docker rm --help

Usage:  docker rm [OPTIONS] CONTAINER [CONTAINER...]

Remove one or more containers

Aliases:
  docker container rm, docker container remove, docker rm

Options:
  -f, --force     Force the removal of a running container (uses SIGKILL)
  -l, --link      Remove the specified link
  -v, --volumes   Remove anonymous volumes associated with the container
lehieu@Les-MacBook-Pro docker % docker rmi --help

Usage:  docker rmi [OPTIONS] IMAGE [IMAGE...]

Remove one or more images

Aliases:
  docker image rm, docker image remove, docker rmi

Options:
  -f, --force      Force removal of the image
      --no-prune   Do not delete untagged parents
lehieu@Les-MacBook-Pro docker % cd node-app
lehieu@Les-MacBook-Pro node-app % docker build .
[+] Building 2.2s (11/11) FINISHED                                                                                                       docker:desktop-linux
 => [internal] load build definition from dockerfile                                                                                                     0.0s
 => => transferring dockerfile: 465B                                                                                                                     0.0s
 => [internal] load metadata for docker.io/library/node:14                                                                                               2.1s
 => [auth] library/node:pull token for registry-1.docker.io                                                                                              0.0s
 => [internal] load .dockerignore                                                                                                                        0.0s
 => => transferring context: 2B                                                                                                                          0.0s
 => [1/5] FROM docker.io/library/node:14@sha256:a158d3b9b4e3fa813fa6c8c590b8f0a860e015ad4e59bbce5744d2f6fd8461aa                                         0.0s
 => [internal] load build context                                                                                                                        0.0s
 => => transferring context: 59.59kB                                                                                                                     0.0s
 => CACHED [2/5] WORKDIR /app                                                                                                                            0.0s
 => CACHED [3/5] COPY package*.json ./                                                                                                                   0.0s
 => CACHED [4/5] RUN npm install                                                                                                                         0.0s
 => CACHED [5/5] COPY . .                                                                                                                                0.0s
 => exporting to image                                                                                                                                   0.0s
 => => exporting layers                                                                                                                                  0.0s
 => => writing image sha256:470e4f94a4027afe5061eaf57772caeea6054da26205227945edf79dbbca80f7                                                             0.0s

View build details: docker-desktop://dashboard/build/desktop-linux/desktop-linux/eg01x9thifu005h8av2havni7

What's next:
    View a summary of image vulnerabilities and recommendations → docker scout quickview
lehieu@Les-MacBook-Pro node-app % docker images
REPOSITORY   TAG       IMAGE ID       CREATED          SIZE
<none>       <none>    470e4f94a402   48 minutes ago   865MB
lehieu@Les-MacBook-Pro node-app % docker build -d -p 3000:3000 470e4f94a402
unknown shorthand flag: 'd' in -d
See 'docker buildx build --help'.
lehieu@Les-MacBook-Pro node-app % docker run -d -p 3000:3000 470e4f94a402
ff40ef76500f4b7c062f759f1d451f15ae7aad4a4e15a7b4a53ecd0b80dbe9a5
lehieu@Les-MacBook-Pro node-app % docker ps
CONTAINER ID   IMAGE          COMMAND                  CREATED         STATUS         PORTS                    NAMES
ff40ef76500f   470e4f94a402   "docker-entrypoint.s…"   7 seconds ago   Up 7 seconds   0.0.0.0:3000->3000/tcp   kind_jackson
lehieu@Les-MacBook-Pro node-app % docker rm kind_jackson
Error response from daemon: cannot remove container "/kind_jackson": container is running: stop the container before removing or force remove
lehieu@Les-MacBook-Pro node-app % docker stop kind_jackson
kind_jackson
lehieu@Les-MacBook-Pro node-app % docker rm kind_jackson
kind_jackson
lehieu@Les-MacBook-Pro node-app % docker run -d -p 3000:3000 --name node-app-container 470e4f94a402
24574f4e30bdcc60d6e79dcc1f96ae1d0c5dedaad06a0a06d34663da329af9e0
lehieu@Les-MacBook-Pro node-app % docker ps -a
CONTAINER ID   IMAGE          COMMAND                  CREATED          STATUS          PORTS                    NAMES
24574f4e30bd   470e4f94a402   "docker-entrypoint.s…"   12 seconds ago   Up 11 seconds   0.0.0.0:3000->3000/tcp   node-app-container
lehieu@Les-MacBook-Pro node-app % docker stop node-app-container
node-app-container
lehieu@Les-MacBook-Pro node-app % docker restart
"docker restart" requires at least 1 argument.
See 'docker restart --help'.

Usage:  docker restart [OPTIONS] CONTAINER [CONTAINER...]

Restart one or more containers
lehieu@Les-MacBook-Pro node-app % docker restart node-app-container
node-app-container
lehieu@Les-MacBook-Pro node-app % docker ps -a
CONTAINER ID   IMAGE          COMMAND                  CREATED          STATUS         PORTS                    NAMES
24574f4e30bd   470e4f94a402   "docker-entrypoint.s…"   59 seconds ago   Up 6 seconds   0.0.0.0:3000->3000/tcp   node-app-container
lehieu@Les-MacBook-Pro node-app % cd ..
lehieu@Les-MacBook-Pro docker % cd python-app
lehieu@Les-MacBook-Pro python-app % docker build .
[+] Building 1.8s (9/9) FINISHED                                                                                                         docker:desktop-linux
 => [internal] load build definition from dockerfile                                                                                                     0.0s
 => => transferring dockerfile: 359B                                                                                                                     0.0s
 => [internal] load metadata for docker.io/library/python:latest                                                                                         1.8s
 => [auth] library/python:pull token for registry-1.docker.io                                                                                            0.0s
 => [internal] load .dockerignore                                                                                                                        0.0s
 => => transferring context: 2B                                                                                                                          0.0s
 => [1/3] FROM docker.io/library/python:latest@sha256:5b5dd1a0950084ef399eae9ec6210b30a7f1b5389c95aa3f64759fba4d2b3a24                                   0.0s
 => [internal] load build context                                                                                                                        0.0s
 => => transferring context: 132B                                                                                                                        0.0s
 => CACHED [2/3] WORKDIR /app                                                                                                                            0.0s
 => CACHED [3/3] COPY . .                                                                                                                                0.0s
 => exporting to image                                                                                                                                   0.0s
 => => exporting layers                                                                                                                                  0.0s
 => => writing image sha256:eb9a71c457a7b8dc58bfca06a7954830bf1c11c76c3231fbb746700a26609b60                                                             0.0s

View build details: docker-desktop://dashboard/build/desktop-linux/desktop-linux/hb4t3agekv6ebn9f113lo81r5

What's next:
    View a summary of image vulnerabilities and recommendations → docker scout quickview
lehieu@Les-MacBook-Pro python-app % docker ps -a
CONTAINER ID   IMAGE          COMMAND                  CREATED              STATUS          PORTS                    NAMES
24574f4e30bd   470e4f94a402   "docker-entrypoint.s…"   About a minute ago   Up 34 seconds   0.0.0.0:3000->3000/tcp   node-app-container
lehieu@Les-MacBook-Pro python-app % docker images
REPOSITORY   TAG       IMAGE ID       CREATED          SIZE
<none>       <none>    eb9a71c457a7   35 minutes ago   1.02GB
<none>       <none>    470e4f94a402   52 minutes ago   865MB
lehieu@Les-MacBook-Pro python-app % docker run -d -p 5001:5001 eb9a71c457a7
abd687fe220be81313dcb82033a35b1a2cd88e192f3268a14e2108662ffa144c
lehieu@Les-MacBook-Pro python-app % docker run -d -p -it 5001:5001 eb9a71c457a7
docker: invalid containerPort: -it.
See 'docker run --help'.
lehieu@Les-MacBook-Pro python-app % history
  741  docker rm kind_jackson
  742  docker stop kind_jackson
  743  docker rm kind_jackson
  744  docker run -d -p 3000:3000 --name node-app-container 470e4f94a402
  745  docker ps -a
  746  docker stop node-app-container
  747  docker restart
  748  docker restart node-app-container
  749  docker ps -a
  750  cd ..
  751  cd python-app
  752  docker build .
  753  docker ps -a
  754  docker images
  755  docker run -d -p 5001:5001 eb9a71c457a7
  756  docker run -d -p -it 5001:5001 eb9a71c457a7
lehieu@Les-MacBook-Pro python-app % docker ps -a
CONTAINER ID   IMAGE          COMMAND                  CREATED              STATUS                          PORTS                    NAMES
abd687fe220b   eb9a71c457a7   "python bmi.py"          About a minute ago   Exited (1) About a minute ago                            quizzical_newton
24574f4e30bd   470e4f94a402   "docker-entrypoint.s…"   3 minutes ago        Up 3 minutes                    0.0.0.0:3000->3000/tcp   node-app-container
lehieu@Les-MacBook-Pro python-app % docker stop quizzical_newton
quizzical_newton
lehieu@Les-MacBook-Pro python-app % docker rm quizzical_newton
quizzical_newton
lehieu@Les-MacBook-Pro python-app % docker ps -a
CONTAINER ID   IMAGE          COMMAND                  CREATED         STATUS         PORTS                    NAMES
24574f4e30bd   470e4f94a402   "docker-entrypoint.s…"   4 minutes ago   Up 3 minutes   0.0.0.0:3000->3000/tcp   node-app-container
lehieu@Les-MacBook-Pro python-app % docker run -it -d -p 5001:5001 python-app-container eb9a71c457a7
Unable to find image 'python-app-container:latest' locally
docker: Error response from daemon: pull access denied for python-app-container, repository does not exist or may require 'docker login': denied: requested access to the resource is denied.
See 'docker run --help'.
lehieu@Les-MacBook-Pro python-app % docker run -it -d -p 5001:5001 python-app-container eb9a71c457a7
Unable to find image 'python-app-container:latest' locally
docker: Error response from daemon: pull access denied for python-app-container, repository does not exist or may require 'docker login': denied: requested access to the resource is denied.
See 'docker run --help'.
lehieu@Les-MacBook-Pro python-app % docker run -it -d -p 5001:5001 --name python-app-container eb9a71c457a7
9c1cfd2fe48ff103e6ae8f53f492a7d9d358b12095e1f984bacdd197808615a5
lehieu@Les-MacBook-Pro python-app % docker ps -a
CONTAINER ID   IMAGE          COMMAND                  CREATED         STATUS         PORTS                              NAMES
9c1cfd2fe48f   eb9a71c457a7   "python bmi.py"          7 seconds ago   Up 6 seconds   5000/tcp, 0.0.0.0:5001->5001/tcp   python-app-container
24574f4e30bd   470e4f94a402   "docker-entrypoint.s…"   6 minutes ago   Up 5 minutes   0.0.0.0:3000->3000/tcp             node-app-container
lehieu@Les-MacBook-Pro python-app % cd ..
lehieu@Les-MacBook-Pro docker % docker stop python-app-container
python-app-container
lehieu@Les-MacBook-Pro docker % docker stop node-app-container
node-app-container
lehieu@Les-MacBook-Pro docker % docker rm $(docker ps -a)
9c1cfd2fe48f
node-app-container
Error response from daemon: No such container: CONTAINER
Error response from daemon: No such container: ID
Error response from daemon: No such container: IMAGE
Error response from daemon: No such container: COMMAND
Error response from daemon: No such container: CREATED
Error response from daemon: No such container: STATUS
Error response from daemon: No such container: PORTS
Error response from daemon: No such container: NAMES
Error response from daemon: No such container: eb9a71c457a7
Error response from daemon: No such container: "python
Error response from daemon: No such container: bmi.py"
Error response from daemon: No such container: About
Error response from daemon: No such container: a
Error response from daemon: No such container: minute
Error response from daemon: No such container: ago
Error response from daemon: No such container: Exited
Error response from daemon: No such container: (137)
Error response from daemon: No such container: About
Error response from daemon: No such container: a
Error response from daemon: No such container: minute
Error response from daemon: No such container: ago
Error response from daemon: removal of container python-app-container is already in progress
Error response from daemon: removal of container 24574f4e30bd is already in progress
Error response from daemon: No such container: 470e4f94a402
Error response from daemon: No such container: "docker-entrypoint.s…"
Error response from daemon: No such container: 7
Error response from daemon: No such container: minutes
Error response from daemon: No such container: ago
Error response from daemon: No such container: Exited
Error response from daemon: No such container: (137)
Error response from daemon: No such container: 45
Error response from daemon: No such container: seconds
Error response from daemon: No such container: ago
lehieu@Les-MacBook-Pro docker % docker ps -a
CONTAINER ID   IMAGE     COMMAND   CREATED   STATUS    PORTS     NAMES
lehieu@Les-MacBook-Pro docker % docker images
REPOSITORY   TAG       IMAGE ID       CREATED          SIZE
<none>       <none>    eb9a71c457a7   41 minutes ago   1.02GB
<none>       <none>    470e4f94a402   59 minutes ago   865MB
lehieu@Les-MacBook-Pro docker % docker rmi $(docker images)
Deleted: sha256:eb9a71c457a7b8dc58bfca06a7954830bf1c11c76c3231fbb746700a26609b60
Deleted: sha256:470e4f94a4027afe5061eaf57772caeea6054da26205227945edf79dbbca80f7
Error response from daemon: invalid reference format: repository name (library/REPOSITORY) must be lowercase
Error response from daemon: invalid reference format: repository name (library/TAG) must be lowercase
Error response from daemon: invalid reference format: repository name (library/IMAGE) must be lowercase
Error response from daemon: invalid reference format: repository name (library/ID) must be lowercase
Error response from daemon: invalid reference format: repository name (library/CREATED) must be lowercase
Error response from daemon: invalid reference format: repository name (library/SIZE) must be lowercase
Error response from daemon: invalid reference format
Error response from daemon: invalid reference format
Error response from daemon: No such image: 42:latest
Error response from daemon: No such image: minutes:latest
Error response from daemon: No such image: ago:latest
Error response from daemon: invalid reference format: repository name (library/1.02GB) must be lowercase
Error response from daemon: invalid reference format
Error response from daemon: invalid reference format
Error response from daemon: No such image: 59:latest
Error response from daemon: No such image: minutes:latest
Error response from daemon: No such image: ago:latest
Error response from daemon: invalid reference format: repository name (library/865MB) must be lowercase
lehieu@Les-MacBook-Pro docker % docker images
REPOSITORY   TAG       IMAGE ID   CREATED   SIZE
lehieu@Les-MacBook-Pro docker % cd node-app
lehieu@Les-MacBook-Pro node-app % docker build -t node-image .
[+] Building 2.3s (11/11) FINISHED                                                                                                       docker:desktop-linux
 => [internal] load build definition from dockerfile                                                                                                     0.0s
 => => transferring dockerfile: 465B                                                                                                                     0.0s
 => [internal] load metadata for docker.io/library/node:14                                                                                               2.3s
 => [auth] library/node:pull token for registry-1.docker.io                                                                                              0.0s
 => [internal] load .dockerignore                                                                                                                        0.0s
 => => transferring context: 2B                                                                                                                          0.0s
 => [1/5] FROM docker.io/library/node:14@sha256:a158d3b9b4e3fa813fa6c8c590b8f0a860e015ad4e59bbce5744d2f6fd8461aa                                         0.0s
 => [internal] load build context                                                                                                                        0.0s
 => => transferring context: 59.59kB                                                                                                                     0.0s
 => CACHED [2/5] WORKDIR /app                                                                                                                            0.0s
 => CACHED [3/5] COPY package*.json ./                                                                                                                   0.0s
 => CACHED [4/5] RUN npm install                                                                                                                         0.0s
 => CACHED [5/5] COPY . .                                                                                                                                0.0s
 => exporting to image                                                                                                                                   0.0s
 => => exporting layers                                                                                                                                  0.0s
 => => writing image sha256:470e4f94a4027afe5061eaf57772caeea6054da26205227945edf79dbbca80f7                                                             0.0s
 => => naming to docker.io/library/node-image                                                                                                            0.0s

View build details: docker-desktop://dashboard/build/desktop-linux/desktop-linux/p8ttwxgw47kv7odnmhq5ydttb

What's next:
    View a summary of image vulnerabilities and recommendations → docker scout quickview
lehieu@Les-MacBook-Pro node-app % docker images
REPOSITORY   TAG       IMAGE ID       CREATED             SIZE
node-image   latest    470e4f94a402   About an hour ago   865MB
lehieu@Les-MacBook-Pro node-app % docker run -d -p 3000:3000 --rm --name node-app node-image
c6143b6d2a48e1717802cd4441bcfb04162cfab3f8bb5385f115d07976c11b41
lehieu@Les-MacBook-Pro node-app % cd ..
lehieu@Les-MacBook-Pro docker % cd python-app
lehieu@Les-MacBook-Pro python-app % docker build -t python-image .
[+] Building 2.0s (9/9) FINISHED                                                                                                         docker:desktop-linux
 => [internal] load build definition from dockerfile                                                                                                     0.0s
 => => transferring dockerfile: 359B                                                                                                                     0.0s
 => [internal] load metadata for docker.io/library/python:latest                                                                                         1.9s
 => [auth] library/python:pull token for registry-1.docker.io                                                                                            0.0s
 => [internal] load .dockerignore                                                                                                                        0.0s
 => => transferring context: 2B                                                                                                                          0.0s
 => [1/3] FROM docker.io/library/python:latest@sha256:5b5dd1a0950084ef399eae9ec6210b30a7f1b5389c95aa3f64759fba4d2b3a24                                   0.0s
 => [internal] load build context                                                                                                                        0.0s
 => => transferring context: 132B                                                                                                                        0.0s
 => CACHED [2/3] WORKDIR /app                                                                                                                            0.0s
 => CACHED [3/3] COPY . .                                                                                                                                0.0s
 => exporting to image                                                                                                                                   0.0s
 => => exporting layers                                                                                                                                  0.0s
 => => writing image sha256:eb9a71c457a7b8dc58bfca06a7954830bf1c11c76c3231fbb746700a26609b60                                                             0.0s
 => => naming to docker.io/library/python-image                                                                                                          0.0s

View build details: docker-desktop://dashboard/build/desktop-linux/desktop-linux/jhxri5ibc7yx40tuwk5l5lt2s

What's next:
    View a summary of image vulnerabilities and recommendations → docker scout quickview
lehieu@Les-MacBook-Pro python-app % docker run --name python-app -it python-image
(1) Metric (m, kg) or (2) Non-Metric (ft, pounds)?
Please choose: 1
Please enter your height in meters
Your height: 1.62
Please enter your weight in kilograms
Your weight: 44
Your body-mass-index: 16.76573693034598
lehieu@Les-MacBook-Pro python-app % docker ps -a
CONTAINER ID   IMAGE          COMMAND                  CREATED              STATUS                     PORTS                    NAMES
a807860d164e   python-image   "python bmi.py"          15 seconds ago       Exited (0) 9 seconds ago                            python-app
c6143b6d2a48   node-image     "docker-entrypoint.s…"   About a minute ago   Up About a minute          0.0.0.0:3000->3000/tcp   node-app
lehieu@Les-MacBook-Pro python-app % docker rm python-app
python-app
lehieu@Les-MacBook-Pro python-app % docker ps -a
CONTAINER ID   IMAGE        COMMAND                  CREATED         STATUS         PORTS                    NAMES
c6143b6d2a48   node-image   "docker-entrypoint.s…"   2 minutes ago   Up 2 minutes   0.0.0.0:3000->3000/tcp   node-app
lehieu@Les-MacBook-Pro python-app % docker run --rm --name python-app -it python-image
(1) Metric (m, kg) or (2) Non-Metric (ft, pounds)?
Please choose: 1
Please enter your height in meters
Your height: 1.62
Please enter your weight in kilograms
Your weight: 44
Your body-mass-index: 16.76573693034598
lehieu@Les-MacBook-Pro python-app % docker ps -a
CONTAINER ID   IMAGE        COMMAND                  CREATED         STATUS         PORTS                    NAMES
c6143b6d2a48   node-image   "docker-entrypoint.s…"   2 minutes ago   Up 2 minutes   0.0.0.0:3000->3000/tcp   node-app
lehieu@Les-MacBook-Pro python-app % docker stop node-app
node-app
lehieu@Les-MacBook-Pro python-app % docker ps -a
CONTAINER ID   IMAGE     COMMAND   CREATED   STATUS    PORTS     NAMES
lehieu@Les-MacBook-Pro python-app % docker images
REPOSITORY     TAG       IMAGE ID       CREATED             SIZE
python-image   latest    eb9a71c457a7   50 minutes ago      1.02GB
node-image     latest    470e4f94a402   About an hour ago   865MB
lehieu@Les-MacBook-Pro python-app % docker run --rm --name python-app -it python-image
(1) Metric (m, kg) or (2) Non-Metric (ft, pounds)?
Please choose: 1
Please enter your height in meters
Your height: 1
Please enter your weight in kilograms
Your weight: 1
Your body-mass-index: 1.0
1%                                                                                                                                                            lehieu@Les-MacBook-Pro python-app % 1
zsh: command not found: 1
lehieu@Les-MacBook-Pro python-app % docker ps -a
CONTAINER ID   IMAGE     COMMAND   CREATED   STATUS    PORTS     NAMES
lehieu@Les-MacBook-Pro python-app % docker images
REPOSITORY     TAG       IMAGE ID       CREATED             SIZE
python-image   latest    eb9a71c457a7   51 minutes ago      1.02GB
node-image     latest    470e4f94a402   About an hour ago   865MB
lehieu@Les-MacBook-Pro python-app % cd ..
lehieu@Les-MacBook-Pro docker % docker image prune
WARNING! This will remove all dangling images.
Are you sure you want to continue? [y/N] y
Total reclaimed space: 0B
lehieu@Les-MacBook-Pro docker % docker images
REPOSITORY     TAG       IMAGE ID       CREATED             SIZE
python-image   latest    eb9a71c457a7   52 minutes ago      1.02GB
node-image     latest    470e4f94a402   About an hour ago   865MB
lehieu@Les-MacBook-Pro docker % docker image --help

Usage:  docker image COMMAND

Manage images

Commands:
  build       Build an image from a Dockerfile
  history     Show the history of an image
  import      Import the contents from a tarball to create a filesystem image
  inspect     Display detailed information on one or more images
  load        Load an image from a tar archive or STDIN
  ls          List images
  prune       Remove unused images
  pull        Download an image from a registry
  push        Upload an image to a registry
  rm          Remove one or more images
  save        Save one or more images to a tar archive (streamed to STDOUT by default)
  tag         Create a tag TARGET_IMAGE that refers to SOURCE_IMAGE

Run 'docker image COMMAND --help' for more information on a command.
lehieu@Les-MacBook-Pro docker % docker image rm --help

Usage:  docker image rm [OPTIONS] IMAGE [IMAGE...]

Remove one or more images

Aliases:
  docker image rm, docker image remove, docker rmi

Options:
  -f, --force      Force removal of the image
      --no-prune   Do not delete untagged parents
lehieu@Les-MacBook-Pro docker % docker rmi --help

Usage:  docker rmi [OPTIONS] IMAGE [IMAGE...]

Remove one or more images

Aliases:
  docker image rm, docker image remove, docker rmi

Options:
  -f, --force      Force removal of the image
      --no-prune   Do not delete untagged parents
lehieu@Les-MacBook-Pro docker % docker rmi $(docker images)
Untagged: python-image:latest
Deleted: sha256:eb9a71c457a7b8dc58bfca06a7954830bf1c11c76c3231fbb746700a26609b60
Untagged: node-image:latest
Deleted: sha256:470e4f94a4027afe5061eaf57772caeea6054da26205227945edf79dbbca80f7
Error response from daemon: invalid reference format: repository name (library/REPOSITORY) must be lowercase
Error response from daemon: invalid reference format: repository name (library/TAG) must be lowercase
Error response from daemon: invalid reference format: repository name (library/IMAGE) must be lowercase
Error response from daemon: invalid reference format: repository name (library/ID) must be lowercase
Error response from daemon: invalid reference format: repository name (library/CREATED) must be lowercase
Error response from daemon: invalid reference format: repository name (library/SIZE) must be lowercase
Error response from daemon: No such image: latest:latest
Error response from daemon: No such image: eb9a71c457a7:latest
Error response from daemon: No such image: 53:latest
Error response from daemon: No such image: minutes:latest
Error response from daemon: No such image: ago:latest
Error response from daemon: invalid reference format: repository name (library/1.02GB) must be lowercase
Error response from daemon: No such image: latest:latest
Error response from daemon: No such image: 470e4f94a402:latest
Error response from daemon: invalid reference format: repository name (library/About) must be lowercase
Error response from daemon: No such image: an:latest
Error response from daemon: No such image: hour:latest
Error response from daemon: No such image: ago:latest
Error response from daemon: invalid reference format: repository name (library/865MB) must be lowercase
lehieu@Les-MacBook-Pro docker % docker images
REPOSITORY   TAG       IMAGE ID   CREATED   SIZE
lehieu@Les-MacBook-Pro docker % mkdir LeTrungHoaHieu-TH4
lehieu@Les-MacBook-Pro docker % cd LeTrungHoaHieu-TH4
lehieu@Les-MacBook-Pro LeTrungHoaHieu-TH4 % touch NotePython.txt
lehieu@Les-MacBook-Pro LeTrungHoaHieu-TH4 % vi NotePython.txt
lehieu@Les-MacBook-Pro LeTrungHoaHieu-TH4 % cd ..
lehieu@Les-MacBook-Pro docker % cd python-app
lehieu@Les-MacBook-Pro python-app % docker build -t python-image .
[+] Building 3.0s (9/9) FINISHED                                                                                                         docker:desktop-linux
 => [internal] load build definition from dockerfile                                                                                                     0.0s
 => => transferring dockerfile: 359B                                                                                                                     0.0s
 => [internal] load metadata for docker.io/library/python:latest                                                                                         2.9s
 => [auth] library/python:pull token for registry-1.docker.io                                                                                            0.0s
 => [internal] load .dockerignore                                                                                                                        0.0s
 => => transferring context: 2B                                                                                                                          0.0s
 => [1/3] FROM docker.io/library/python:latest@sha256:d8c03730973cf1891f1815ea16903a9c8fefb3e0af1ba5bb89f7a67d2c5a97c3                                   0.0s
 => => resolve docker.io/library/python:latest@sha256:d8c03730973cf1891f1815ea16903a9c8fefb3e0af1ba5bb89f7a67d2c5a97c3                                   0.0s
 => [internal] load build context                                                                                                                        0.0s
 => => transferring context: 132B                                                                                                                        0.0s
 => CACHED [2/3] WORKDIR /app                                                                                                                            0.0s
 => CACHED [3/3] COPY . .                                                                                                                                0.0s
 => exporting to image                                                                                                                                   0.0s
 => => exporting layers                                                                                                                                  0.0s
 => => writing image sha256:eb9a71c457a7b8dc58bfca06a7954830bf1c11c76c3231fbb746700a26609b60                                                             0.0s
 => => naming to docker.io/library/python-image                                                                                                          0.0s

View build details: docker-desktop://dashboard/build/desktop-linux/desktop-linux/wpwd21883t1ekuk3eaju7swrc

What's next:
    View a summary of image vulnerabilities and recommendations → docker scout quickview
lehieu@Les-MacBook-Pro python-app % docker run --rm -it --name python-app python-image
(1) Metric (m, kg) or (2) Non-Metric (ft, pounds)?
Please choose: 1
Please enter your height in meters
Your height: 1.62
Please enter your weight in kilograms
Your weight: 44
Your body-mass-index: 16.76573693034598
lehieu@Les-MacBook-Pro python-app % docker logs --help

Usage:  docker logs [OPTIONS] CONTAINER

Fetch the logs of a container

Aliases:
  docker container logs, docker logs

Options:
      --details        Show extra details provided to logs
  -f, --follow         Follow log output
      --since string   Show logs since timestamp (e.g. "2013-01-02T13:23:37Z") or relative (e.g. "42m" for 42 minutes)
  -n, --tail string    Number of lines to show from the end of the logs (default "all")
  -t, --timestamps     Show timestamps
      --until string   Show logs before a timestamp (e.g. "2013-01-02T13:23:37Z") or relative (e.g. "42m" for 42 minutes)
lehieu@Les-MacBook-Pro python-app % docker run -it --name python-app python-image
(1) Metric (m, kg) or (2) Non-Metric (ft, pounds)?
Please choose: 1
Please enter your height in meters
Your height: 1.62
Please enter your weight in kilograms
Your weight: 44
Your body-mass-index: 16.76573693034598
lehieu@Les-MacBook-Pro python-app % docker run -it --name python-app python-image
docker: Error response from daemon: Conflict. The container name "/python-app" is already in use by container "056a96532a7e3ca69479b5877c9b8ab334662e2f44f5ed0708d42205a1fb7573". You have to remove (or rename) that container to be able to reuse that name.
See 'docker run --help'.
lehieu@Les-MacBook-Pro python-app % docker ps -a
CONTAINER ID   IMAGE                                             COMMAND                   CREATED          STATUS                      PORTS                                                        NAMES
056a96532a7e   python-image                                      "python bmi.py"           41 seconds ago   Exited (0) 20 seconds ago                                                                python-app
8953fea7b6b4   public.ecr.aws/supabase/studio:20241106-f29003e   "docker-entrypoint.s…"    5 minutes ago    Up 5 minutes (healthy)      0.0.0.0:54323->3000/tcp                                      supabase_studio_creative-contact-prealpha
c5b4548bab82   public.ecr.aws/supabase/postgres-meta:v0.84.2     "docker-entrypoint.s…"    6 minutes ago    Up 6 minutes (healthy)      8080/tcp                                                     supabase_pg_meta_creative-contact-prealpha
5ae598bfe7e7   public.ecr.aws/supabase/edge-runtime:v1.61.0      "sh -c 'cat <<'EOF' …"    6 minutes ago    Up 6 minutes                8081/tcp                                                     supabase_edge_runtime_creative-contact-prealpha
1d3a48d9e71f   public.ecr.aws/supabase/imgproxy:v3.8.0           "imgproxy"                6 minutes ago    Up 6 minutes (healthy)      8080/tcp                                                     supabase_imgproxy_creative-contact-prealpha
a5ffbeac07cb   public.ecr.aws/supabase/storage-api:v1.11.13      "docker-entrypoint.s…"    7 minutes ago    Up 7 minutes (healthy)      5000/tcp                                                     supabase_storage_creative-contact-prealpha
6cb58d3f226a   public.ecr.aws/supabase/postgrest:v12.2.0         "postgrest"               7 minutes ago    Up 7 minutes                3000/tcp                                                     supabase_rest_creative-contact-prealpha
ea41d1a3d9de   public.ecr.aws/supabase/realtime:v2.30.34         "/usr/bin/tini -s -g…"    7 minutes ago    Up 7 minutes (healthy)      4000/tcp                                                     supabase_realtime_creative-contact-prealpha
e51dbcd00e21   public.ecr.aws/supabase/inbucket:3.0.3            "/start-inbucket.sh …"    7 minutes ago    Up 7 minutes (healthy)      1100/tcp, 2500/tcp, 0.0.0.0:54324->9000/tcp                  supabase_inbucket_creative-contact-prealpha
255a2edbd486   public.ecr.aws/supabase/gotrue:v2.163.2           "auth"                    7 minutes ago    Up 7 minutes (healthy)      9999/tcp                                                     supabase_auth_creative-contact-prealpha
aea1e33b1ea6   public.ecr.aws/supabase/kong:2.8.1                "sh -c 'cat <<'EOF' …"    8 minutes ago    Up 8 minutes (healthy)      8001/tcp, 8088/tcp, 8443-8444/tcp, 0.0.0.0:54321->8000/tcp   supabase_kong_creative-contact-prealpha
07778da10199   public.ecr.aws/supabase/postgres:15.1.1.78        "sh -c '\ncat <<'EOF'…"   8 minutes ago    Up 8 minutes (healthy)      0.0.0.0:54322->5432/tcp                                      supabase_db_creative-contact-prealpha
lehieu@Les-MacBook-Pro python-app % docker rm python-app
python-app
lehieu@Les-MacBook-Pro python-app % docker run -it --name python-app python-image
(1) Metric (m, kg) or (2) Non-Metric (ft, pounds)?
Please choose: 2
Please enter your height in feet
Your height: 5.11
Please enter your weight in pounds
Your weight: 30
Your body-mass-index: 5.609392299312231
lehieu@Les-MacBook-Pro python-app % docker restart python-app
python-app
lehieu@Les-MacBook-Pro python-app % docker start -it python-app
unknown shorthand flag: 't' in -t
See 'docker start --help'.
lehieu@Les-MacBook-Pro python-app % docker stop python-app
python-app
lehieu@Les-MacBook-Pro python-app % docker ps -a
CONTAINER ID   IMAGE                                             COMMAND                   CREATED              STATUS                        PORTS                                                        NAMES
bce3c8291397   python-image                                      "python bmi.py"           About a minute ago   Exited (137) 14 seconds ago                                                                python-app
8953fea7b6b4   public.ecr.aws/supabase/studio:20241106-f29003e   "docker-entrypoint.s…"    7 minutes ago        Up 7 minutes (healthy)        0.0.0.0:54323->3000/tcp                                      supabase_studio_creative-contact-prealpha
c5b4548bab82   public.ecr.aws/supabase/postgres-meta:v0.84.2     "docker-entrypoint.s…"    8 minutes ago        Up 8 minutes (healthy)        8080/tcp                                                     supabase_pg_meta_creative-contact-prealpha
5ae598bfe7e7   public.ecr.aws/supabase/edge-runtime:v1.61.0      "sh -c 'cat <<'EOF' …"    8 minutes ago        Up 8 minutes                  8081/tcp                                                     supabase_edge_runtime_creative-contact-prealpha
1d3a48d9e71f   public.ecr.aws/supabase/imgproxy:v3.8.0           "imgproxy"                8 minutes ago        Up 8 minutes (healthy)        8080/tcp                                                     supabase_imgproxy_creative-contact-prealpha
a5ffbeac07cb   public.ecr.aws/supabase/storage-api:v1.11.13      "docker-entrypoint.s…"    9 minutes ago        Up 9 minutes (healthy)        5000/tcp                                                     supabase_storage_creative-contact-prealpha
6cb58d3f226a   public.ecr.aws/supabase/postgrest:v12.2.0         "postgrest"               9 minutes ago        Up 9 minutes                  3000/tcp                                                     supabase_rest_creative-contact-prealpha
ea41d1a3d9de   public.ecr.aws/supabase/realtime:v2.30.34         "/usr/bin/tini -s -g…"    9 minutes ago        Up 9 minutes (healthy)        4000/tcp                                                     supabase_realtime_creative-contact-prealpha
e51dbcd00e21   public.ecr.aws/supabase/inbucket:3.0.3            "/start-inbucket.sh …"    9 minutes ago        Up 9 minutes (healthy)        1100/tcp, 2500/tcp, 0.0.0.0:54324->9000/tcp                  supabase_inbucket_creative-contact-prealpha
255a2edbd486   public.ecr.aws/supabase/gotrue:v2.163.2           "auth"                    9 minutes ago        Up 9 minutes (healthy)        9999/tcp                                                     supabase_auth_creative-contact-prealpha
aea1e33b1ea6   public.ecr.aws/supabase/kong:2.8.1                "sh -c 'cat <<'EOF' …"    10 minutes ago       Up 10 minutes (healthy)       8001/tcp, 8088/tcp, 8443-8444/tcp, 0.0.0.0:54321->8000/tcp   supabase_kong_creative-contact-prealpha
07778da10199   public.ecr.aws/supabase/postgres:15.1.1.78        "sh -c '\ncat <<'EOF'…"   10 minutes ago       Up 10 minutes (healthy)       0.0.0.0:54322->5432/tcp                                      supabase_db_creative-contact-prealpha
lehieu@Les-MacBook-Pro python-app % docker images
REPOSITORY                              TAG                IMAGE ID       CREATED        SIZE
python-image                            latest             eb9a71c457a7   3 hours ago    1.02GB
public.ecr.aws/supabase/studio          20241106-f29003e   7e36aff11700   5 days ago     692MB
public.ecr.aws/supabase/edge-runtime    v1.61.0            a5ce91947797   7 days ago     631MB
public.ecr.aws/supabase/gotrue          v2.163.2           861c8b9e6fc2   2 weeks ago    45.5MB
public.ecr.aws/supabase/postgres-meta   v0.84.2            b8655f4b182c   3 weeks ago    352MB
public.ecr.aws/supabase/storage-api     v1.11.13           8a1af72634a9   4 weeks ago    478MB
public.ecr.aws/supabase/realtime        v2.30.34           2b0b74db6d56   2 months ago   206MB
public.ecr.aws/supabase/postgres        15.1.1.78          cc555cbbe281   3 months ago   1.17GB
public.ecr.aws/supabase/postgrest       v12.2.0            7bb9e110af3f   5 months ago   322MB
public.ecr.aws/supabase/kong            2.8.1              a5957d67fc55   2 years ago    149MB
public.ecr.aws/supabase/imgproxy        v3.8.0             696a5c233e29   2 years ago    162MB
public.ecr.aws/supabase/inbucket        3.0.3              e50d7c2197ff   2 years ago    25.1MB
lehieu@Les-MacBook-Pro python-app % cd ..
lehieu@Les-MacBook-Pro docker % cd node-app
lehieu@Les-MacBook-Pro node-app % docker build -t node-image .
[+] Building 2.7s (11/11) FINISHED                                                                                                       docker:desktop-linux
 => [internal] load build definition from dockerfile                                                                                                     0.0s
 => => transferring dockerfile: 465B                                                                                                                     0.0s
 => [internal] load metadata for docker.io/library/node:14                                                                                               2.6s
 => [auth] library/node:pull token for registry-1.docker.io                                                                                              0.0s
 => [internal] load .dockerignore                                                                                                                        0.0s
 => => transferring context: 2B                                                                                                                          0.0s
 => [1/5] FROM docker.io/library/node:14@sha256:a158d3b9b4e3fa813fa6c8c590b8f0a860e015ad4e59bbce5744d2f6fd8461aa                                         0.0s
 => [internal] load build context                                                                                                                        0.0s
 => => transferring context: 59.59kB                                                                                                                     0.0s
 => CACHED [2/5] WORKDIR /app                                                                                                                            0.0s
 => CACHED [3/5] COPY package*.json ./                                                                                                                   0.0s
 => CACHED [4/5] RUN npm install                                                                                                                         0.0s
 => CACHED [5/5] COPY . .                                                                                                                                0.0s
 => exporting to image                                                                                                                                   0.0s
 => => exporting layers                                                                                                                                  0.0s
 => => writing image sha256:470e4f94a4027afe5061eaf57772caeea6054da26205227945edf79dbbca80f7                                                             0.0s
 => => naming to docker.io/library/node-image                                                                                                            0.0s

View build details: docker-desktop://dashboard/build/desktop-linux/desktop-linux/afolbo4qzspvj55i8nbudcsge

What's next:
    View a summary of image vulnerabilities and recommendations → docker scout quickview
lehieu@Les-MacBook-Pro node-app % docker build -d -p --name node-app node-image
unknown shorthand flag: 'd' in -d
See 'docker buildx build --help'.
lehieu@Les-MacBook-Pro node-app % docker build -d -p 3000:3000 --name node-app node-image
unknown shorthand flag: 'd' in -d
See 'docker buildx build --help'.
lehieu@Les-MacBook-Pro node-app % docker run -d -p 3000:3000 --name node-app node-image
9300c762b8abe43ede65b43f9ff7d42325db653eb4984c28c7058d6181094289
lehieu@Les-MacBook-Pro node-app %
Last login: Tue Nov 12 13:24:24 on ttys009
lehieu@192 python-app % docker logs
"docker logs" requires exactly 1 argument.
See 'docker logs --help'.

Usage:  docker logs [OPTIONS] CONTAINER

Fetch the logs of a container
lehieu@192 python-app % docker logs python-app
(1) Metric (m, kg) or (2) Non-Metric (ft, pounds)?
lehieu@192 python-app % docker logs -it python-app
unknown shorthand flag: 'i' in -it
See 'docker logs --help'.
lehieu@192 python-app % docker logs python-app
Error response from daemon: No such container: python-app
lehieu@192 python-app % docker logs python-app
Error response from daemon: No such container: python-app
lehieu@192 python-app % docker logs python-app
(1) Metric (m, kg) or (2) Non-Metric (ft, pounds)?
lehieu@192 python-app % docker logs python-app
(1) Metric (m, kg) or (2) Non-Metric (ft, pounds)?
Please choose: 1
Please enter your height in meters
Your height: 1.62
Please enter your weight in kilograms
Your weight: 44
Your body-mass-index: 16.76573693034598
lehieu@192 python-app % docker logs python-app
(1) Metric (m, kg) or (2) Non-Metric (ft, pounds)?
Please choose: 2
Please enter your height in feet
Your height: 5.11
Please enter your weight in pounds
Your weight: 30
Your body-mass-index: 5.609392299312231
lehieu@192 python-app % docker logs python-app
(1) Metric (m, kg) or (2) Non-Metric (ft, pounds)?
Please choose: 2
Please enter your height in feet
Your height: 5.11
Please enter your weight in pounds
Your weight: 30
Your body-mass-index: 5.609392299312231
(1) Metric (m, kg) or (2) Non-Metric (ft, pounds)?
Please choose: %                                                                                                                                              lehieu@192 python-app % docker logs python-app
(1) Metric (m, kg) or (2) Non-Metric (ft, pounds)?
Please choose: 2
Please enter your height in feet
Your height: 5.11
Please enter your weight in pounds
Your weight: 30
Your body-mass-index: 5.609392299312231
(1) Metric (m, kg) or (2) Non-Metric (ft, pounds)?
Please choose: %                                                                                                                                              lehieu@192 python-app % docker logs python-app
(1) Metric (m, kg) or (2) Non-Metric (ft, pounds)?
Please choose: 2
Please enter your height in feet
Your height: 5.11
Please enter your weight in pounds
Your weight: 30
Your body-mass-index: 5.609392299312231
(1) Metric (m, kg) or (2) Non-Metric (ft, pounds)?
Please choose: %                                                                                                                                              lehieu@192 python-app % docker logs python-app
(1) Metric (m, kg) or (2) Non-Metric (ft, pounds)?
Please choose: 2
Please enter your height in feet
Your height: 5.11
Please enter your weight in pounds
Your weight: 30
Your body-mass-index: 5.609392299312231
(1) Metric (m, kg) or (2) Non-Metric (ft, pounds)?
Please choose: %                                                                                                                                              lehieu@192 python-app % docker logs
"docker logs" requires exactly 1 argument.
See 'docker logs --help'.

Usage:  docker logs [OPTIONS] CONTAINER

Fetch the logs of a container
lehieu@192 python-app % docker ps -a
CONTAINER ID   IMAGE                                             COMMAND                   CREATED          STATUS                       PORTS                                                        NAMES
9300c762b8ab   node-image                                        "docker-entrypoint.s…"    13 seconds ago   Up 12 seconds                0.0.0.0:3000->3000/tcp                                       node-app
bce3c8291397   python-image                                      "python bmi.py"           3 minutes ago    Exited (137) 2 minutes ago                                                                python-app
8953fea7b6b4   public.ecr.aws/supabase/studio:20241106-f29003e   "docker-entrypoint.s…"    9 minutes ago    Up 9 minutes (healthy)       0.0.0.0:54323->3000/tcp                                      supabase_studio_creative-contact-prealpha
c5b4548bab82   public.ecr.aws/supabase/postgres-meta:v0.84.2     "docker-entrypoint.s…"    10 minutes ago   Up 10 minutes (healthy)      8080/tcp                                                     supabase_pg_meta_creative-contact-prealpha
5ae598bfe7e7   public.ecr.aws/supabase/edge-runtime:v1.61.0      "sh -c 'cat <<'EOF' …"    10 minutes ago   Up 10 minutes                8081/tcp                                                     supabase_edge_runtime_creative-contact-prealpha
1d3a48d9e71f   public.ecr.aws/supabase/imgproxy:v3.8.0           "imgproxy"                10 minutes ago   Up 10 minutes (healthy)      8080/tcp                                                     supabase_imgproxy_creative-contact-prealpha
a5ffbeac07cb   public.ecr.aws/supabase/storage-api:v1.11.13      "docker-entrypoint.s…"    11 minutes ago   Up 11 minutes (healthy)      5000/tcp                                                     supabase_storage_creative-contact-prealpha
6cb58d3f226a   public.ecr.aws/supabase/postgrest:v12.2.0         "postgrest"               11 minutes ago   Up 11 minutes                3000/tcp                                                     supabase_rest_creative-contact-prealpha
ea41d1a3d9de   public.ecr.aws/supabase/realtime:v2.30.34         "/usr/bin/tini -s -g…"    11 minutes ago   Up 11 minutes (healthy)      4000/tcp                                                     supabase_realtime_creative-contact-prealpha
e51dbcd00e21   public.ecr.aws/supabase/inbucket:3.0.3            "/start-inbucket.sh …"    12 minutes ago   Up 12 minutes (healthy)      1100/tcp, 2500/tcp, 0.0.0.0:54324->9000/tcp                  supabase_inbucket_creative-contact-prealpha
255a2edbd486   public.ecr.aws/supabase/gotrue:v2.163.2           "auth"                    12 minutes ago   Up 12 minutes (healthy)      9999/tcp                                                     supabase_auth_creative-contact-prealpha
aea1e33b1ea6   public.ecr.aws/supabase/kong:2.8.1                "sh -c 'cat <<'EOF' …"    12 minutes ago   Up 12 minutes (healthy)      8001/tcp, 8088/tcp, 8443-8444/tcp, 0.0.0.0:54321->8000/tcp   supabase_kong_creative-contact-prealpha
07778da10199   public.ecr.aws/supabase/postgres:15.1.1.78        "sh -c '\ncat <<'EOF'…"   12 minutes ago   Up 12 minutes (healthy)      0.0.0.0:54322->5432/tcp                                      supabase_db_creative-contact-prealpha
lehieu@192 python-app % docker logs node-app
lehieu@192 python-app %